[    0.000000] Initializing cgroup subsys cpuset
[    0.000000] Initializing cgroup subsys cpu
[    0.000000] Initializing cgroup subsys cpuacct
[    0.000000] Linux version 4.4.0-170-generic (buildd@lcy01-amd64-019) (gcc version 5.4.0 20160609 (Ubuntu 5.4.0-6ubuntu1~16.04.12) ) #199-Ubuntu SMP Thu Nov 14 01:45:04 UTC 2019 (Ubuntu 4.4.0-170.199-generic 4.4.200)
[    0.000000] Command line: BOOT_IMAGE=/boot/vmlinuz-4.4.0-170-generic root=LABEL=cloudimg-rootfs ro console=tty1 console=ttyS0
[    0.000000] KERNEL supported cpus:
[    0.000000]   Intel GenuineIntel
[    0.000000]   AMD AuthenticAMD
[    0.000000]   Centaur CentaurHauls
[    0.000000] x86/fpu: xstate_offset[2]:  576, xstate_sizes[2]:  256
[    0.000000] x86/fpu: Supporting XSAVE feature 0x01: 'x87 floating point registers'
[    0.000000] x86/fpu: Supporting XSAVE feature 0x02: 'SSE registers'
[    0.000000] x86/fpu: Supporting XSAVE feature 0x04: 'AVX registers'
[    0.000000] x86/fpu: Enabled xstate features 0x7, context size is 832 bytes, using 'standard' format.
[    0.000000] e820: BIOS-provided physical RAM map:
[    0.000000] BIOS-e820: [mem 0x0000000000000000-0x000000000009fbff] usable
[    0.000000] BIOS-e820: [mem 0x000000000009fc00-0x000000000009ffff] reserved
[    0.000000] BIOS-e820: [mem 0x00000000000f0000-0x00000000000fffff] reserved
[    0.000000] BIOS-e820: [mem 0x0000000000100000-0x000000007ffeffff] usable
[    0.000000] BIOS-e820: [mem 0x000000007fff0000-0x000000007fffffff] ACPI data
[    0.000000] BIOS-e820: [mem 0x00000000fec00000-0x00000000fec00fff] reserved
[    0.000000] BIOS-e820: [mem 0x00000000fee00000-0x00000000fee00fff] reserved
[    0.000000] BIOS-e820: [mem 0x00000000fffc0000-0x00000000ffffffff] reserved
[    0.000000] NX (Execute Disable) protection: active
[    0.000000] SMBIOS 2.5 present.
[    0.000000] Hypervisor detected: KVM
[    0.000000] Kernel/User page tables isolation: disabled
[    0.000000] e820: last_pfn = 0x7fff0 max_arch_pfn = 0x400000000
[    0.000000] MTRR: Disabled
[    0.000000] x86/PAT: MTRRs disabled, skipping PAT initialization too.
[    0.000000] CPU MTRRs all blank - virtualized system.
[    0.000000] x86/PAT: Configuration [0-7]: WB  WT  UC- UC  WB  WT  UC- UC  
[    0.000000] found SMP MP-table at [mem 0x0009fff0-0x0009ffff] mapped at [ffff88000009fff0]
[    0.000000] Scanning 1 areas for low memory corruption
[    0.000000] RAMDISK: [mem 0x362f8000-0x37173fff]
[    0.000000] ACPI: Early table checksum verification disabled
[    0.000000] ACPI: RSDP 0x00000000000E0000 000024 (v02 VBOX  )
[    0.000000] ACPI: XSDT 0x000000007FFF0030 00003C (v01 VBOX   VBOXXSDT 00000001 ASL  00000061)
[    0.000000] ACPI: FACP 0x000000007FFF00F0 0000F4 (v04 VBOX   VBOXFACP 00000001 ASL  00000061)
[    0.000000] ACPI: DSDT 0x000000007FFF0470 0022EA (v02 VBOX   VBOXBIOS 00000002 INTL 20100528)
[    0.000000] ACPI: FACS 0x000000007FFF0200 000040
[    0.000000] ACPI: FACS 0x000000007FFF0200 000040
[    0.000000] ACPI: APIC 0x000000007FFF0240 000054 (v02 VBOX   VBOXAPIC 00000001 ASL  00000061)
[    0.000000] ACPI: SSDT 0x000000007FFF02A0 0001CC (v01 VBOX   VBOXCPUT 00000002 INTL 20100528)
[    0.000000] No NUMA configuration found
[    0.000000] Faking a node at [mem 0x0000000000000000-0x000000007ffeffff]
[    0.000000] NODE_DATA(0) allocated [mem 0x7ffeb000-0x7ffeffff]
[    0.000000] kvm-clock: Using msrs 4b564d01 and 4b564d00
[    0.000000] kvm-clock: cpu 0, msr 0:7ffe3001, primary cpu clock
[    0.000000] kvm-clock: using sched offset of 4265864785 cycles
[    0.000000] clocksource: kvm-clock: mask: 0xffffffffffffffff max_cycles: 0x1cd42e4dffb, max_idle_ns: 881590591483 ns
[    0.000000] Zone ranges:
[    0.000000]   DMA      [mem 0x0000000000001000-0x0000000000ffffff]
[    0.000000]   DMA32    [mem 0x0000000001000000-0x000000007ffeffff]
[    0.000000]   Normal   empty
[    0.000000]   Device   empty
[    0.000000] Movable zone start for each node
[    0.000000] Early memory node ranges
[    0.000000]   node   0: [mem 0x0000000000001000-0x000000000009efff]
[    0.000000]   node   0: [mem 0x0000000000100000-0x000000007ffeffff]
[    0.000000] Initmem setup node 0 [mem 0x0000000000001000-0x000000007ffeffff]
[    0.000000] ACPI: PM-Timer IO Port: 0x4008
[    0.000000] IOAPIC[0]: apic_id 1, version 32, address 0xfec00000, GSI 0-23
[    0.000000] ACPI: INT_SRC_OVR (bus 0 bus_irq 0 global_irq 2 dfl dfl)
[    0.000000] ACPI: INT_SRC_OVR (bus 0 bus_irq 9 global_irq 9 low level)
[    0.000000] Using ACPI (MADT) for SMP configuration information
[    0.000000] smpboot: Allowing 1 CPUs, 0 hotplug CPUs
[    0.000000] PM: Registered nosave memory: [mem 0x00000000-0x00000fff]
[    0.000000] PM: Registered nosave memory: [mem 0x0009f000-0x0009ffff]
[    0.000000] PM: Registered nosave memory: [mem 0x000a0000-0x000effff]
[    0.000000] PM: Registered nosave memory: [mem 0x000f0000-0x000fffff]
[    0.000000] e820: [mem 0x80000000-0xfebfffff] available for PCI devices
[    0.000000] Booting paravirtualized kernel on KVM
[    0.000000] clocksource: refined-jiffies: mask: 0xffffffff max_cycles: 0xffffffff, max_idle_ns: 7645519600211568 ns
[    0.000000] setup_percpu: NR_CPUS:512 nr_cpumask_bits:512 nr_cpu_ids:1 nr_node_ids:1
[    0.000000] PERCPU: Embedded 33 pages/cpu @ffff88007fc00000 s95448 r8192 d31528 u2097152
[    0.000000] Built 1 zonelists in Node order, mobility grouping on.  Total pages: 515960
[    0.000000] Policy zone: DMA32
[    0.000000] Kernel command line: BOOT_IMAGE=/boot/vmlinuz-4.4.0-170-generic root=LABEL=cloudimg-rootfs ro console=tty1 console=ttyS0
[    0.000000] PID hash table entries: 4096 (order: 3, 32768 bytes)
[    0.000000] Memory: 2030048K/2096696K available (8626K kernel code, 1336K rwdata, 4036K rodata, 1488K init, 1288K bss, 66648K reserved, 0K cma-reserved)
[    0.000000] SLUB: HWalign=64, Order=0-3, MinObjects=0, CPUs=1, Nodes=1
[    0.000000] Hierarchical RCU implementation.
[    0.000000] 	Build-time adjustment of leaf fanout to 64.
[    0.000000] 	RCU restricting CPUs from NR_CPUS=512 to nr_cpu_ids=1.
[    0.000000] RCU: Adjusting geometry for rcu_fanout_leaf=64, nr_cpu_ids=1
[    0.000000] NR_IRQS:33024 nr_irqs:256 16
[    0.000000] Console: colour VGA+ 80x25
[    0.000000] console [tty1] enabled
[    0.000000] console [ttyS0] enabled
[    0.000000] tsc: Detected 1800.006 MHz processor
[    0.370280] Calibrating delay loop (skipped) preset value.. 3600.01 BogoMIPS (lpj=7200024)
[    0.374880] pid_max: default: 32768 minimum: 301
[    0.377252] ACPI: Core revision 20150930
[    0.381591] ACPI: 2 ACPI AML tables successfully acquired and loaded
[    0.385538] Security Framework initialized
[    0.387847] Yama: becoming mindful.
[    0.391254] AppArmor: AppArmor initialized
[    0.399442] Dentry cache hash table entries: 262144 (order: 9, 2097152 bytes)
[    0.405777] Inode-cache hash table entries: 131072 (order: 8, 1048576 bytes)
[    0.410719] Mount-cache hash table entries: 4096 (order: 3, 32768 bytes)
[    0.415770] Mountpoint-cache hash table entries: 4096 (order: 3, 32768 bytes)
[    0.420140] Initializing cgroup subsys io
[    0.422005] Initializing cgroup subsys memory
[    0.423698] Initializing cgroup subsys devices
[    0.426130] Initializing cgroup subsys freezer
[    0.428189] Initializing cgroup subsys net_cls
[    0.431990] Initializing cgroup subsys perf_event
[    0.434772] Initializing cgroup subsys net_prio
[    0.441760] Initializing cgroup subsys hugetlb
[    0.446786] Initializing cgroup subsys pids
[    0.452953] mce: CPU supports 0 MCE banks
[    0.455064] process: using mwait in idle threads
[    0.456707] Last level iTLB entries: 4KB 64, 2MB 8, 4MB 8
[    0.458758] Last level dTLB entries: 4KB 64, 2MB 0, 4MB 0, 1GB 4
[    0.460994] Spectre V1 : Mitigation: usercopy/swapgs barriers and __user pointer sanitization
[    0.464943] Spectre V2 : Mitigation: Enhanced IBRS
[    0.467256] Spectre V2 : Spectre v2 / SpectreRSB mitigation: Filling RSB on context switch
[    0.471377] Speculative Store Bypass: Vulnerable
[    0.539727] Freeing SMP alternatives memory: 36K
[    0.558513] ftrace: allocating 32302 entries in 127 pages
[    0.652709] smpboot: APIC(0) Converting physical 0 to logical package 0
[    0.655302] smpboot: Max logical packages: 1
[    0.657308] x2apic enabled
[    0.659145] Switched APIC routing to physical x2apic.
[    0.663510] ..TIMER: vector=0x30 apic1=0 pin1=2 apic2=-1 pin2=-1
[    0.773965] smpboot: CPU0: Intel(R) Core(TM) i5-8265U CPU @ 1.60GHz (family: 0x6, model: 0x8e, stepping: 0xc)
[    0.777851] Performance Events: unsupported p6 CPU model 142 no PMU driver, software events only.
[    0.798189] KVM setup paravirtual spinlock
[    0.800810] x86: Booted up 1 node, 1 CPUs
[    0.802331] smpboot: Total of 1 processors activated (3600.01 BogoMIPS)
[    0.804872] devtmpfs: initialized
[    0.810758] evm: security.selinux
[    0.812257] evm: security.SMACK64
[    0.813645] evm: security.SMACK64EXEC
[    0.814940] evm: security.SMACK64TRANSMUTE
[    0.816182] evm: security.SMACK64MMAP
[    0.817349] evm: security.ima
[    0.819013] evm: security.capability
[    0.820863] clocksource: jiffies: mask: 0xffffffff max_cycles: 0xffffffff, max_idle_ns: 7645041785100000 ns
[    0.825123] futex hash table entries: 256 (order: 2, 16384 bytes)
[    0.830190] pinctrl core: initialized pinctrl subsystem
[    0.832928] RTC time:  7:58:18, date: 06/18/20
[    0.835042] NET: Registered protocol family 16
[    0.837266] cpuidle: using governor ladder
[    0.839409] cpuidle: using governor menu
[    0.840963] PCCT header not found.
[    0.842213] ACPI: bus type PCI registered
[    0.843438] acpiphp: ACPI Hot Plug PCI Controller Driver version: 0.5
[    0.845792] PCI: Using configuration type 1 for base access
[    0.849581] ACPI: Added _OSI(Module Device)
[    0.851698] ACPI: Added _OSI(Processor Device)
[    0.853376] ACPI: Added _OSI(3.0 _SCP Extensions)
[    0.855219] ACPI: Added _OSI(Processor Aggregator Device)
[    0.858897] ACPI: Executed 1 blocks of module-level executable AML code
[    0.865700] ACPI: Interpreter enabled
[    0.867476] ACPI: (supports S0 S5)
[    0.868954] ACPI: Using IOAPIC for interrupt routing
[    0.871064] PCI: Using host bridge windows from ACPI; if necessary, use "pci=nocrs" and report a bug
[    0.880788] ACPI: PCI Root Bridge [PCI0] (domain 0000 [bus 00-ff])
[    0.883194] acpi PNP0A03:00: _OSC: OS supports [ASPM ClockPM Segments MSI]
[    0.886315] acpi PNP0A03:00: _OSC: not requesting OS control; OS requires [ExtendedConfig ASPM ClockPM MSI]
[    0.889765] acpi PNP0A03:00: fail to add MMCONFIG information, can't access extended PCI configuration space under this bridge.
[    0.894693] PCI host bridge to bus 0000:00
[    0.896010] pci_bus 0000:00: root bus resource [io  0x0000-0x0cf7 window]
[    0.898430] pci_bus 0000:00: root bus resource [io  0x0d00-0xffff window]
[    0.901310] pci_bus 0000:00: root bus resource [mem 0x000a0000-0x000bffff window]
[    0.905241] pci_bus 0000:00: root bus resource [mem 0x80000000-0xfdffffff window]
[    0.907972] pci_bus 0000:00: root bus resource [bus 00-ff]
[    0.912535] pci 0000:00:01.1: legacy IDE quirk: reg 0x10: [io  0x01f0-0x01f7]
[    0.915127] pci 0000:00:01.1: legacy IDE quirk: reg 0x14: [io  0x03f6]
[    0.918234] pci 0000:00:01.1: legacy IDE quirk: reg 0x18: [io  0x0170-0x0177]
[    0.920926] pci 0000:00:01.1: legacy IDE quirk: reg 0x1c: [io  0x0376]
[    0.973156] pci 0000:00:07.0: quirk: [io  0x4000-0x403f] claimed by PIIX4 ACPI
[    0.988462] pci 0000:00:07.0: quirk: [io  0x4100-0x410f] claimed by PIIX4 SMB
[    1.012412] ACPI: PCI Interrupt Link [LNKA] (IRQs 5 9 10 *11)
[    1.015945] ACPI: PCI Interrupt Link [LNKB] (IRQs 5 9 *10 11)
[    1.018703] ACPI: PCI Interrupt Link [LNKC] (IRQs 5 *9 10 11)
[    1.021982] ACPI: PCI Interrupt Link [LNKD] (IRQs 5 9 10 *11)
[    1.024431] ACPI: Enabled 2 GPEs in block 00 to 07
[    1.026315] vgaarb: setting as boot device: PCI:0000:00:02.0
[    1.027771] vgaarb: device added: PCI:0000:00:02.0,decodes=io+mem,owns=io+mem,locks=none
[    1.030149] vgaarb: loaded
[    1.031109] vgaarb: bridge control possible 0000:00:02.0
[    1.036851] SCSI subsystem initialized
[    1.038794] ACPI: bus type USB registered
[    1.040376] usbcore: registered new interface driver usbfs
[    1.042277] usbcore: registered new interface driver hub
[    1.044242] usbcore: registered new device driver usb
[    1.046534] PCI: Using ACPI for IRQ routing
[    1.048440] NetLabel: Initializing
[    1.049815] NetLabel:  domain hash size = 128
[    1.051535] NetLabel:  protocols = UNLABELED CIPSOv4
[    1.053300] NetLabel:  unlabeled traffic allowed by default
[    1.055847] amd_nb: Cannot enumerate AMD northbridges
[    1.062711] clocksource: Switched to clocksource kvm-clock
[    1.081182] AppArmor: AppArmor Filesystem Enabled
[    1.082770] pnp: PnP ACPI init
[    1.085463] pnp: PnP ACPI: found 3 devices
[    1.093309] clocksource: acpi_pm: mask: 0xffffff max_cycles: 0xffffff, max_idle_ns: 2085701024 ns
[    1.096368] NET: Registered protocol family 2
[    1.097888] TCP established hash table entries: 16384 (order: 5, 131072 bytes)
[    1.100104] TCP bind hash table entries: 16384 (order: 6, 262144 bytes)
[    1.101798] TCP: Hash tables configured (established 16384 bind 16384)
[    1.103592] UDP hash table entries: 1024 (order: 3, 32768 bytes)
[    1.106475] UDP-Lite hash table entries: 1024 (order: 3, 32768 bytes)
[    1.109226] NET: Registered protocol family 1
[    1.110843] pci 0000:00:00.0: Limiting direct PCI/PCI transfers
[    1.112468] pci 0000:00:01.0: Activating ISA DMA hang workarounds
[    1.114475] Unpacking initramfs...
[    1.538493] Freeing initrd memory: 14832K
[    1.540044] clocksource: tsc: mask: 0xffffffffffffffff max_cycles: 0x19f22f68897, max_idle_ns: 440795282550 ns
[    1.543601] platform rtc_cmos: registered platform RTC device (no PNP device found)
[    1.546772] Scanning for low memory corruption every 60 seconds
[    1.549222] audit: initializing netlink subsys (disabled)
[    1.551071] audit: type=2000 audit(1592467104.455:1): initialized
[    1.553771] Initialise system trusted keyring
[    1.555685] HugeTLB registered 2 MB page size, pre-allocated 0 pages
[    1.560079] zbud: loaded
[    1.562070] VFS: Disk quotas dquot_6.6.0
[    1.564043] VFS: Dquot-cache hash table entries: 512 (order 0, 4096 bytes)
[    1.566862] squashfs: version 4.0 (2009/01/31) Phillip Lougher
[    1.569102] fuse init (API version 7.23)
[    1.570914] Key type big_key registered
[    1.572724] Allocating IMA MOK and blacklist keyrings.
[    1.574820] Key type asymmetric registered
[    1.576281] Asymmetric key parser 'x509' registered
[    1.578116] Block layer SCSI generic (bsg) driver version 0.4 loaded (major 249)
[    1.581468] io scheduler noop registered
[    1.583512] io scheduler deadline registered (default)
[    1.585638] io scheduler cfq registered
[    1.587710] pci_hotplug: PCI Hot Plug PCI Core version: 0.5
[    1.589536] pciehp: PCI Express Hot Plug Controller Driver version: 0.4
[    1.591880] ACPI: AC Adapter [AC] (on-line)
[    1.593353] input: Power Button as /devices/LNXSYSTM:00/LNXPWRBN:00/input/input0
[    1.596185] ACPI: Power Button [PWRF]
[    1.597850] input: Sleep Button as /devices/LNXSYSTM:00/LNXSLPBN:00/input/input1
[    1.601180] ACPI: Sleep Button [SLPF]
[    1.605016] ACPI: Battery Slot [BAT0] (battery present)
[    1.608393] GHES: HEST is not enabled!
[    1.610949] Serial: 8250/16550 driver, 32 ports, IRQ sharing enabled
[    1.635860] 00:02: ttyS0 at I/O 0x3f8 (irq = 4, base_baud = 115200) is a 16550A
[    1.639719] Linux agpgart interface v0.103
[    1.642544] loop: module loaded
[    1.644187] scsi host0: ata_piix
[    1.645439] scsi host1: ata_piix
[    1.646641] ata1: PATA max UDMA/33 cmd 0x1f0 ctl 0x3f6 bmdma 0xd000 irq 14
[    1.649164] ata2: PATA max UDMA/33 cmd 0x170 ctl 0x376 bmdma 0xd008 irq 15
[    1.652421] libphy: Fixed MDIO Bus: probed
[    1.653735] tun: Universal TUN/TAP device driver, 1.6
[    1.655401] tun: (C) 1999-2004 Max Krasnyansky <maxk@qualcomm.com>
[    1.657557] PPP generic driver version 2.4.2
[    1.659055] ehci_hcd: USB 2.0 'Enhanced' Host Controller (EHCI) Driver
[    1.661648] ehci-pci: EHCI PCI platform driver
[    1.663599] ehci-platform: EHCI generic platform driver
[    1.665398] ohci_hcd: USB 1.1 'Open' Host Controller (OHCI) Driver
[    1.667388] ohci-pci: OHCI PCI platform driver
[    1.669060] ohci-platform: OHCI generic platform driver
[    1.670835] uhci_hcd: USB Universal Host Controller Interface driver
[    1.672918] i8042: PNP: PS/2 Controller [PNP0303:PS2K,PNP0f03:PS2M] at 0x60,0x64 irq 1,12
[    1.676320] serio: i8042 KBD port at 0x60,0x64 irq 1
[    1.677741] serio: i8042 AUX port at 0x60,0x64 irq 12
[    1.679477] mousedev: PS/2 mouse device common for all mice
[    1.681927] input: AT Translated Set 2 keyboard as /devices/platform/i8042/serio0/input/input2
[    1.685107] rtc_cmos rtc_cmos: rtc core: registered rtc_cmos as rtc0
[    1.687034] rtc_cmos rtc_cmos: alarms up to one day, 114 bytes nvram
[    1.688805] i2c /dev entries driver
[    1.690033] device-mapper: uevent: version 1.0.3
[    1.691556] device-mapper: ioctl: 4.34.0-ioctl (2015-10-28) initialised: dm-devel@redhat.com
[    1.693993] ledtrig-cpu: registered to indicate activity on CPUs
[    1.696180] NET: Registered protocol family 10
[    1.698177] NET: Registered protocol family 17
[    1.700101] Key type dns_resolver registered
[    1.701812] registered taskstats version 1
[    1.703498] Loading compiled-in X.509 certificates
[    1.706360] Loaded X.509 cert 'Build time autogenerated kernel key: f0e56e97f406068ace47a9bf54316e9855aaaa43'
[    1.709302] zswap: loaded using pool lzo/zbud
[    1.713001] Key type trusted registered
[    1.718478] Key type encrypted registered
[    1.719911] AppArmor: AppArmor sha1 policy hashing enabled
[    1.721712] ima: No TPM chip found, activating TPM-bypass!
[    1.723821] ima: Allocated hash algorithm: sha1
[    1.725452] evm: HMAC attrs: 0x1
[    1.727266]   Magic number: 8:535:976
[    1.728680] rtc_cmos rtc_cmos: setting system clock to 2020-06-18 07:58:19 UTC (1592467099)
[    1.731924] BIOS EDD facility v0.16 2004-Jun-25, 0 devices found
[    1.733931] EDD information not available.
[    1.809094] Freeing unused kernel memory: 1488K
[    1.810446] Write protecting the kernel read-only data: 14336k
[    1.812460] Freeing unused kernel memory: 1604K
[    1.814060] Freeing unused kernel memory: 60K
Loading, please wait...
starting version 229
[    1.832491] random: udevadm: uninitialized urandom read (16 bytes read, 5 bits of entropy available)
[    1.836407] random: systemd-udevd: uninitialized urandom read (16 bytes read, 5 bits of entropy available)
[    1.839912] random: systemd-udevd: uninitialized urandom read (16 bytes read, 5 bits of entropy available)
[    1.843141] random: udevadm: uninitialized urandom read (16 bytes read, 5 bits of entropy available)
[    1.846865] random: systemd-udevd: uninitialized urandom read (16 bytes read, 5 bits of entropy available)
[    1.849582] random: systemd-udevd: uninitialized urandom read (16 bytes read, 5 bits of entropy available)
[    1.861466] random: systemd-udevd: uninitialized urandom read (16 bytes read, 5 bits of entropy available)
[    1.869052] random: systemd-udevd: uninitialized urandom read (16 bytes read, 5 bits of entropy available)
[    1.877000] random: udevadm: uninitialized urandom read (16 bytes read, 5 bits of entropy available)
[    1.884223] random: systemd-udevd: uninitialized urandom read (16 bytes read, 5 bits of entropy available)
[    2.006824] e1000: Intel(R) PRO/1000 Network Driver - version 7.3.21-k8-NAPI
[    2.009021] e1000: Copyright (c) 1999-2006 Intel Corporation.
[    2.018963] Fusion MPT base driver 3.04.20
[    2.020461] Copyright (c) 1999-2008 LSI Corporation
[    2.054706] Fusion MPT SPI Host driver 3.04.20
[    2.107051] AVX2 version of gcm_enc/dec engaged.
[    2.108847] AES CTR mode by8 optimization enabled
[    2.238432] input: ImExPS/2 Generic Explorer Mouse as /devices/platform/i8042/serio1/input/input4
[    2.505696] e1000 0000:00:03.0 eth0: (PCI:33MHz:32-bit) 02:bf:1c:77:ff:98
[    2.507965] e1000 0000:00:03.0 eth0: Intel(R) PRO/1000 Network Connection
[    2.511702] mptbase: ioc0: Initiating bringup
[    2.575241] ioc0: LSI53C1030 A0: Capabilities={Initiator}
[    2.736423] scsi host2: ioc0: LSI53C1030 A0, FwRev=00000000h, Ports=1, MaxQ=256, IRQ=20
[    2.849318] scsi 2:0:0:0: Direct-Access     VBOX     HARDDISK         1.0  PQ: 0 ANSI: 5
[    2.851988] scsi target2:0:0: Beginning Domain Validation
[    2.854574] scsi target2:0:0: Domain Validation skipping write tests
[    2.856601] scsi target2:0:0: Ending Domain Validation
[    2.858345] scsi target2:0:0: asynchronous
[    2.860132] scsi 2:0:1:0: Direct-Access     VBOX     HARDDISK         1.0  PQ: 0 ANSI: 5
[    2.862962] scsi target2:0:1: Beginning Domain Validation
[    2.866212] scsi target2:0:1: Domain Validation skipping write tests
[    2.868257] scsi target2:0:1: Ending Domain Validation
[    2.870232] scsi target2:0:1: asynchronous
[    2.967790] sd 2:0:0:0: Attached scsi generic sg0 type 0
[    2.969598] sd 2:0:0:0: [sda] 20971520 512-byte logical blocks: (10.7 GB/10.0 GiB)
[    2.986302] sd 2:0:1:0: [sdb] 20480 512-byte logical blocks: (10.5 MB/10.0 MiB)
[    2.988707] sd 2:0:1:0: Attached scsi generic sg1 type 0
[    2.990408] sd 2:0:1:0: [sdb] Write Protect is off
[    2.991883] sd 2:0:1:0: [sdb] Incomplete mode parameter data
[    2.993506] sd 2:0:1:0: [sdb] Assuming drive cache: write through
[    3.012803] sd 2:0:0:0: [sda] Write Protect is off
[    3.014374] sd 2:0:0:0: [sda] Incomplete mode parameter data
[    3.016105] sd 2:0:0:0: [sda] Assuming drive cache: write through
[    3.018279] sd 2:0:1:0: [sdb] Attached SCSI disk
[    3.025640]  sda: sda1
[    3.027223] sd 2:0:0:0: [sda] Attached SCSI disk
[    3.400303] e1000 0000:00:08.0 eth1: (PCI:33MHz:32-bit) 08:00:27:e3:8f:57
[    3.404417] e1000 0000:00:08.0 eth1: Intel(R) PRO/1000 Network Connection
[    3.409190] e1000 0000:00:08.0 enp0s8: renamed from eth1
[    3.415573] e1000 0000:00:03.0 enp0s3: renamed from eth0
Begin: Loading essential drivers ... [    5.018281] md: linear personality registered for level -1
[    5.029645] md: multipath personality registered for level -4
[    5.038517] md: raid0 personality registered for level 0
[    5.052826] md: raid1 personality registered for level 1
[    5.130768] raid6: sse2x1   gen()  4358 MB/s
[    5.198773] raid6: sse2x1   xor()  3752 MB/s
[    5.267105] raid6: sse2x2   gen()  6223 MB/s
[    5.334805] raid6: sse2x2   xor()  4104 MB/s
[    5.402783] raid6: sse2x4   gen()  5700 MB/s
[    5.471714] raid6: sse2x4   xor()  4139 MB/s
[    5.538863] raid6: avx2x1   gen()  9356 MB/s
[    5.606763] raid6: avx2x2   gen() 16428 MB/s
[    5.675505] raid6: avx2x4   gen() 14089 MB/s
[    5.677109] raid6: using algorithm avx2x2 gen() 16428 MB/s
[    5.679314] raid6: using avx2x2 recovery algorithm
[    5.684166] xor: automatically using best checksumming function:
[    5.722766]    avx       : 17972.000 MB/sec
[    5.727194] async_tx: api initialized (async)
[    5.744662] md: raid6 personality registered for level 6
[    5.746442] md: raid5 personality registered for level 5
[    5.748687] md: raid4 personality registered for level 4
[    5.759711] md: raid10 personality registered for level 10
done.
Begin: Running /scripts/init-premount ... done.
Begin: Mounting root file system ... Begin: Running /scripts/local-top ... done.
Begin: Running /scripts/local-premount ... [    5.804500] Btrfs loaded
Scanning for Btrfs filesystems
done.
Warning: fsck not present, so skipping root file system
[    5.844177] EXT4-fs (sda1): mounted filesystem with ordered data mode. Opts: (null)
done.
Begin: Running /scripts/local-bottom ... done.
Begin: Running /scripts/init-bottom ... done.
[    5.960580] systemd[1]: systemd 229 running in system mode. (+PAM +AUDIT +SELINUX +IMA +APPARMOR +SMACK +SYSVINIT +UTMP +LIBCRYPTSETUP +GCRYPT +GNUTLS +ACL +XZ -LZ4 +SECCOMP +BLKID +ELFUTILS +KMOD -IDN)
[    5.966840] systemd[1]: Detected virtualization oracle.
[    5.968689] systemd[1]: Detected architecture x86-64.

Welcome to [1mUbuntu 16.04.6 LTS[0m!

[    5.974360] systemd[1]: Set hostname to <ubuntu-xenial>.
[    6.165842] systemd[1]: Set up automount Arbitrary Executable File Formats File System Automount Point.
[[0;32m  OK  [0m] Set up automount Arbitrary Executab...ats File System Automount Point.
[    6.171705] systemd[1]: Listening on LVM2 metadata daemon socket.
[[0;32m  OK  [0m] Listening on LVM2 metadata daemon socket.
[    6.175854] systemd[1]: Started Trigger resolvconf update for networkd DNS.
[[0;32m  OK  [0m] Started Trigger resolvconf update for networkd DNS.
[    6.179594] systemd[1]: Listening on Syslog Socket.
[[0;32m  OK  [0m] Listening on Syslog Socket.
[    6.182280] systemd[1]: Listening on Device-mapper event daemon FIFOs.
[[0;32m  OK  [0m] Listening on Device-mapper event daemon FIFOs.
[    6.185485] systemd[1]: Listening on Journal Socket (/dev/log).
[[0;32m  OK  [0m] Listening on Journal Socket (/dev/log).
[    6.188638] systemd[1]: Listening on Journal Socket.
[[0;32m  OK  [0m] Listening on Journal Socket.
[    6.191623] systemd[1]: Created slice User and Session Slice.
[[0;32m  OK  [0m] Created slice User and Session Slice.
[    6.194602] systemd[1]: Reached target Encrypted Volumes.
[[0;32m  OK  [0m] Reached target Encrypted Volumes.
[    6.199013] systemd[1]: Reached target System Time Synchronized.
[[0;32m  OK  [0m] Reached target System Time Synchronized.
[    6.203510] systemd[1]: Reached target Swap.
[[0;32m  OK  [0m] Reached target Swap.
[    6.207277] systemd[1]: Listening on LVM2 poll daemon socket.
[[0;32m  OK  [0m] Listening on LVM2 poll daemon socket.
[    6.211811] systemd[1]: Started Forward Password Requests to Wall Directory Watch.
[[0;32m  OK  [0m] Started Forward Password Requests to Wall Directory Watch.
[    6.217669] systemd[1]: Listening on Journal Audit Socket.
[[0;32m  OK  [0m] Listening on Journal Audit Socket.
[    6.221107] systemd[1]: Created slice System Slice.
[[0;32m  OK  [0m] Created slice System Slice.
[    6.224563] systemd[1]: Starting Create list of required static device nodes for the current kernel...
         Starting Create list of required st... nodes for the current kernel...
[    6.234189] systemd[1]: Starting Uncomplicated firewall...
         Starting Uncomplicated firewall...
[    6.242258] systemd[1]: Mounting Debug File System...
         Mounting Debug File System...
[    6.251309] systemd[1]: Mounting POSIX Message Queue File System...
         Mounting POSIX Message Queue File System...
[    6.265330] systemd[1]: Starting Load Kernel Modules...
         Starting Load Kernel Modules...
[    6.271212] systemd[1]: Created slice system-serial\x2dgetty.slice.
[    6.278634] Loading iSCSI transport class v2.0-870.
[[0;32m  OK  [0m] Created slice system-serial\x2dgetty.slice.
[    6.286126] systemd[1]: Starting Nameserver information manager...
         Starting Nameserver information manager...
[    6.298409] systemd[1]: Reached target Slices.
[    6.302675] iscsi: registered transport (tcp)
[[0;32m  OK  [0m] Reached target Slices.
[    6.307411] systemd[1]: Starting Monitoring of LVM2 mirrors, snapshots etc. using dmeventd or progress polling...
         Starting Monitoring of LVM2 mirrors... dmeventd or progress polling...
[    6.320329] systemd[1]: Starting Journal Service...
         Starting Journal Service...
[    6.330089] systemd[1]: Listening on /dev/initctl Compatibility Named Pipe.
[[0;32m  OK  [0m] Listening on /dev/initctl Compatibility Named Pipe.
[    6.339256] systemd[1]: Listening on udev Control Socket.
[[0;32m  OK  [0m] Listening on udev Control Socket.
[    6.349148] systemd[1]: Mounting Huge Pages File System...
         Mounting Huge Pages File System...
[    6.358796] systemd[1]: Reached target User and Group Name Lookups.
[[0;32m  OK  [0m] Reached target User and Group Name Lookups.
[    6.367940] systemd[1]: Listening on udev Kernel Socket.
[[0;32m  OK  [0m] Listening on udev Kernel Socket.
[    6.375573] systemd[1]: Starting Remount Root and Kernel File Systems...
         Starting Remount Root and Kernel File Systems...
[    6.388148] systemd[1]: Starting Set console keymap...
         Starting Set console keymap...
[    6.399900] systemd[1]: Mounted Huge Pages File System.
[[0;32m  OK  [0m] Mounted Huge Pages File System.[    6.403312] EXT4-fs (sda1): re-mounted. Opts: (null)

[    6.406795] systemd[1]: Mounted POSIX Message Queue File System.
[[0;32m  OK  [0m] Mounted POSIX Message Queue File System.
[    6.414156] random: nonblocking pool is initialized
[    6.419350] systemd[1]: Mounted Debug File System.
[[0;32m  OK  [0m] Mounted Debug File System.
[    6.426479] systemd[1]: Started Create list of required static device nodes for the current kernel.
[[0;32m  OK  [0m] Started Create list of required sta...ce nodes for the current kernel.
[    6.439432] systemd[1]: Started Uncomplicated firewall.
[[0;32m  OK  [0m] Started Uncomplicated firewall.
[    6.448561] systemd[1]: Started Remount Root and Kernel File Systems.
[[0;32m  OK  [0m] Started Remount Root and Kernel File Systems.
[    6.465854] systemd[1]: Started Journal Service.
[[0;32m  OK  [0m] Started Journal Service.
[[0;32m  OK  [0m] Started Nameserver information manager.
[[0;32m  OK  [0m] Started LVM2 metadata daemon.
[    6.489828] iscsi: registered transport (iser)
         Starting Flush Journal to Persistent Storage...
         Starting Load/Save Random Seed...
         Starting udev Coldplug all Devices...
         Starting Create Static Device Nodes in /dev...
[    6.535612] systemd-journald[389]: Received request to flush runtime journal from PID 1
[[0;32m  OK  [0m] Started Load Kernel Modules.
         Mounting FUSE Control File System...
         Starting Apply Kernel Variables...
[[0;32m  OK  [0m] Mounted FUSE Control File System.
[[0;32m  OK  [0m] Started Flush Journal to Persistent Storage.
[[0;32m  OK  [0m] Started Create Static Device Nodes in /dev.
[[0;32m  OK  [0m] Started Apply Kernel Variables.
         Starting udev Kernel Device Manager...
[[0;32m  OK  [0m] Started Load/Save Random Seed.
[[0;32m  OK  [0m] Started Set console keymap.
[[0;32m  OK  [0m] Started udev Kernel Device Manager.
[[0;32m  OK  [0m] Started Monitoring of LVM2 mirrors,...ng dmeventd or progress polling.
[[0;32m  OK  [0m] Reached target Local File Systems (Pre).
[[0;32m  OK  [0m] Reached target Local File Systems.
         Starting Create Volatile Files and Directories...
         Starting Initial cloud-init job (pre-networking)...
         Starting Tell Plymouth To Write Out Runtime Data...
         Starting Set console font and keymap...
         Starting LSB: AppArmor initialization...
[[0;32m  OK  [0m] Started Tell Plymouth To Write Out Runtime Data.
[[0;32m  OK  [0m] Started udev Coldplug all Devices.
[[0;32m  OK  [0m] Started Dispatch Password Requests to Console Directory Watch.
[[0;32m  OK  [0m] Started Create Volatile Files and Directories.
         Starting Update UTMP about System Boot/Shutdown...
[[0;32m  OK  [0m] Started Update UTMP about System Boot/Shutdown.
[[0;32m  OK  [0m] Started LSB: AppArmor initialization.
[[0;32m  OK  [0m] Found device /dev/ttyS0.
[[0;32m  OK  [0m] Found device 82540EM Gigabit Ethern...r (PRO/1000 MT Desktop Adapter).
[[0;32m  OK  [0m] Found device 82540EM Gigabit Ethern...r (PRO/1000 MT Desktop Adapter).
[[0;32m  OK  [0m] Listening on Load/Save RF Kill Switch Status /dev/rfkill Watch.
[[0;32m  OK  [0m] Started Set console font and keymap.
[[0;32m  OK  [0m] Created slice system-getty.slice.
[    8.864511] cloud-init[482]: Cloud-init v. 19.3-41-gc4735dd3-0ubuntu1~16.04.1 running 'init-local' at Thu, 18 Jun 2020 07:58:26 +0000. Up 8.22 seconds.
[[0;32m  OK  [0m] Started Initial cloud-init job (pre-networking).
[[0;32m  OK  [0m] Reached target Network (Pre).
[[0;32m  OK  [0m] Started ifup for enp0s3.
[[0;32m  OK  [0m] Started ifup for enp0s8.
         Starting Raise network interfaces...
[[0;32m  OK  [0m] Started Raise network interfaces.
[[0;32m  OK  [0m] Reached target Network.
         Starting Initial cloud-init job (metadata service crawler)...
[    9.955552] cloud-init[1065]: Cloud-init v. 19.3-41-gc4735dd3-0ubuntu1~16.04.1 running 'init' at Thu, 18 Jun 2020 07:58:27 +0000. Up 9.61 seconds.
[    9.964594] cloud-init[1065]: ci-info: ++++++++++++++++++++++++++++++++++++++Net device info+++++++++++++++++++++++++++++++++++++++
[    9.968477] cloud-init[1065]: ci-info: +--------+------+-----------------------------+---------------+--------+-------------------+
[    9.976467] cloud-init[1065]: ci-info: | Device |  Up  |           Address           |      Mask     | Scope  |     Hw-Address    |
[    9.980558] cloud-init[1065]: ci-info: +--------+------+-----------------------------+---------------+--------+-------------------+
[    9.984613] cloud-init[1065]: ci-info: | enp0s3 | True |          10.0.2.15          | 255.255.255.0 | global | 02:bf:1c:77:ff:98 |
[    9.988488] cloud-init[1065]: ci-info: | enp0s3 | True |  fe80::bf:1cff:fe77:ff98/64 |       .       |  link  | 02:bf:1c:77:ff:98 |
[    9.991022] cloud-init[1065]: ci-info: | enp0s8 | True |         10.11.12.13         | 255.255.255.0 | global | 08:00:27:e3:8f:57 |
[    9.997112] cloud-init[1065]: ci-info: | enp0s8 | True | fe80::a00:27ff:fee3:8f57/64 |       .       |  link  | 08:00:27:e3:8f:57 |
[   10.004456] cloud-init[1065]: ci-info: |   lo   | True |          127.0.0.1          |   255.0.0.0   |  host  |         .         |
[   10.006695] cloud-init[1065]: ci-info: |   lo   | True |           ::1/128           |       .       |  host  |         .         |
[   10.008942] cloud-init[1065]: ci-info: +--------+------+-----------------------------+---------------+--------+-------------------+
[   10.016289] cloud-init[1065]: ci-info: +++++++++++++++++++++++++++Route IPv4 info++++++++++++++++++++++++++++
[   10.017807] cloud-init[1065]: ci-info: +-------+-------------+----------+---------------+-----------+-------+
[   10.020086] cloud-init[1065]: ci-info: | Route | Destination | Gateway  |    Genmask    | Interface | Flags |
[   10.028345] cloud-init[1065]: ci-info: +-------+-------------+----------+---------------+-----------+-------+
[   10.030338] cloud-init[1065]: ci-info: |   0   |   0.0.0.0   | 10.0.2.2 |    0.0.0.0    |   enp0s3  |   UG  |
[   10.036661] cloud-init[1065]: ci-info: |   1   |   10.0.2.0  | 0.0.0.0  | 255.255.255.0 |   enp0s3  |   U   |
[   10.038712] cloud-init[1065]: ci-info: |   2   |  10.11.12.0 | 0.0.0.0  | 255.255.255.0 |   enp0s8  |   U   |
[   10.044499] cloud-init[1065]: ci-info: +-------+-------------+----------+---------------+-----------+-------+
[   10.046825] cloud-init[1065]: ci-info: +++++++++++++++++++Route IPv6 info+++++++++++++++++++
[   10.052536] cloud-init[1065]: ci-info: +-------+-------------+---------+-----------+-------+
[   10.054441] cloud-init[1065]: ci-info: | Route | Destination | Gateway | Interface | Flags |
[   10.060391] cloud-init[1065]: ci-info: +-------+-------------+---------+-----------+-------+
[   10.062265] cloud-init[1065]: ci-info: |   0   |  fe80::/64  |    ::   |   enp0s8  |   U   |
[   10.066471] cloud-init[1065]: ci-info: |   1   |  fe80::/64  |    ::   |   enp0s3  |   U   |
[   10.068605] cloud-init[1065]: ci-info: |   4   |   ff00::/8  |    ::   |   enp0s8  |   U   |
[[0;32m  OK  [0m] Started Initial cloud-init job (metadata service crawler).
[[0;32m  OK  [0m] Reached target Network is Online.
[   10.074153] cloud-init[1065]: ci-info: |   5   |   ff00::/8  |    ::   |   enp0s3  |   U   |
         Starting iSCSI initiator daemon (iscsid)...
[   10.078746] cloud-init[1065]: ci-info: +-------+-------------+---------+-----------+-------+[[0;32m  OK  [0m] Reached target System Initialization.
[[0;32m  OK  [0m] Listening on ACPID Listen Socket.

[[0;32m  OK  [0m] Started Message of the Day.
[[0;32m  OK  [0m] Started Daily apt download activities.
[[0;32m  OK  [0m] Listening on D-Bus System Message Bus Socket.
[[0;32m  OK  [0m] Started Daily Cleanup of Temporary Directories.
[[0;32m  OK  [0m] Started ACPI Events Check.
[[0;32m  OK  [0m] Reached target Paths.
         Starting LXD - unix socket.
         Starting Socket activation for snappy daemon.
[[0;32m  OK  [0m] Started Daily apt upgrade and clean activities.
[[0;32m  OK  [0m] Reached target Timers.
[[0;32m  OK  [0m] Listening on UUID daemon activation socket.
[[0;32m  OK  [0m] Reached target Cloud-config availability.
[[0;32m  OK  [0m] Listening on LXD - unix socket.
[[0;32m  OK  [0m] Listening on Socket activation for snappy daemon.
[[0;32m  OK  [0m] Started iSCSI initiator daemon (iscsid).
         Starting Login to default iSCSI targets...
[[0;32m  OK  [0m] Reached target Sockets.
[[0;32m  OK  [0m] Reached target Basic System.
         Starting Login Service...
[[0;32m  OK  [0m] Started ACPI event daemon.
         Starting /etc/rc.local Compatibility...
         Starting Virtualbox guest utils...
         Starting System Logging Service...
         Starting Snappy daemon...
         Starting LSB: Record successful boot for GRUB...
[[0;32m  OK  [0m] Started Regular background program processing daemon.
         Starting LSB: MD monitoring daemon...
[[0;32m  OK  [0m] Started D-Bus System Message Bus.
         Starting Accounts Service...
[[0;32m  OK  [0m] Started FUSE filesystem for LXC.
[[0;32m  OK  [0m] Started Deferred execution scheduler.
         Starting LXD - container startup/shutdown...
         Starting OpenBSD Secure Shell server...
[[0;32m  OK  [0m] Started System Logging Service.
[[0;32m  OK  [0m] Started /etc/rc.local Compatibility.
[[0;32m  OK  [0m] Started Login Service.
[[0;32m  OK  [0m] Started Unattended Upgrades Shutdown.
[[0;32m  OK  [0m] Started Login to default iSCSI targets.
[[0;32m  OK  [0m] Reached target Remote File Systems (Pre).
[[0;32m  OK  [0m] Reached target Remote File Systems.
         Starting LSB: automatic crash report generation...
         Starting Permit User Sessions...
         Starting LSB: daemon to balance interrupts for SMP systems...
         Starting LSB: Set the CPU Frequency Scaling governor to "ondemand"...
[[0;32m  OK  [0m] Started Permit User Sessions.
         Starting Terminate Plymouth Boot Screen...
         Starting Hold until boot process finishes up...
[[0;32m  OK  [0m] Started Terminate Plymouth Boot Screen.
[[0;32m  OK  [0m] Started Hold until boot process finishes up.
[[0;32m  OK  [0m] Started Getty on tty1.
         Starting Set console scheme...
[[0;32m  OK  [0m] Started Serial Getty on ttyS0.
[[0;32m  OK  [0m] Reached target Login Prompts.
[[0;32m  OK  [0m] Started LSB: Record successful boot for GRUB.
[[0;32m  OK  [0m] Started LSB: MD monitoring daemon.
[[0;32m  OK  [0m] Started Set console scheme.
[[0;32m  OK  [0m] Started LSB: Set the CPU Frequency Scaling governor to "ondemand".
[[0;32m  OK  [0m] Started LSB: automatic crash report generation.
[[0;32m  OK  [0m] Started OpenBSD Secure Shell server.
         Starting Authenticate and Authorize Users to Run Privileged Tasks...
[[0;32m  OK  [0m] Started LSB: daemon to balance interrupts for SMP systems.
[[0;32m  OK  [0m] Started Authenticate and Authorize Users to Run Privileged Tasks.
[[0;32m  OK  [0m] Started Accounts Service.
[[0;32m  OK  [0m] Started LXD - container startup/shutdown.
[[0;32m  OK  [0m] Started Virtualbox guest utils.
[[0;32m  OK  [0m] Started Snappy daemon.
         Starting Wait until snapd is fully seeded...
[[0;32m  OK  [0m] Started Wait until snapd is fully seeded.
         Starting Apply the settings specified in cloud-config...
[[0;32m  OK  [0m] Reached target Multi-User System.
[[0;32m  OK  [0m] Reached target Graphical Interface.
         Starting Update UTMP about System Runlevel Changes...
[[0;32m  OK  [0m] Started Update UTMP about System Runlevel Changes.
[[0;32m  OK  [0m] Created slice User Slice of vagrant.
         Starting User Manager for UID 1000...
[[0;32m  OK  [0m] Started Session 1 of user vagrant.
[[0;32m  OK  [0m] Started User Manager for UID 1000.
[   11.864177] cloud-init[1337]: Cloud-init v. 19.3-41-gc4735dd3-0ubuntu1~16.04.1 running 'modules:config' at Thu, 18 Jun 2020 07:58:29 +0000. Up 11.55 seconds.
[[0;32m  OK  [0m] Started Apply the settings specified in cloud-config.
         Starting Execute cloud user/final scripts...
[   13.171636] cloud-init[1419]: Cloud-init v. 19.3-41-gc4735dd3-0ubuntu1~16.04.1 running 'modules:final' at Thu, 18 Jun 2020 07:58:31 +0000. Up 12.83 seconds.
[   13.185264] cloud-init[1419]: Cloud-init v. 19.3-41-gc4735dd3-0ubuntu1~16.04.1 finished at Thu, 18 Jun 2020 07:58:31 +0000. Datasource DataSourceNoCloud [seed=/dev/sdb][dsmode=net].  Up 13.15 seconds
[[0;32m  OK  [0m] Started Execute cloud user/final scripts.
         Starting Daily apt download activities...
[[0;32m  OK  [0m] Reached target Cloud-init target.

Ubuntu 16.04.6 LTS ubuntu-xenial ttyS0

ubuntu-xenial login:          Starting Message of the Day...
[[0;32m  OK  [0m] Started ACPI event daemon.
[[0;32m  OK  [0m] Started ACPI event daemon.
[[0;32m  OK  [0m] Started ACPI event daemon.
[[0;32m  OK  [0m] Started Message of the Day.
[[0;32m  OK  [0m] Closed Unix socket for apport crash forwarding.
[[0;32m  OK  [0m] Started ACPI event daemon.
         Stopping LSB: automatic crash report generation...
[[0;32m  OK  [0m] Stopped LSB: automatic crash report generation.
[[0;32m  OK  [0m] Started ACPI event daemon.
[[0;32m  OK  [0m] Started ACPI event daemon.
[[0;32m  OK  [0m] Started ACPI event daemon.
[[0;32m  OK  [0m] Started ACPI event daemon.
[[0;32m  OK  [0m] Started ACPI event daemon.
         Starting LSB: automatic crash report generation...
[[0;32m  OK  [0m] Started LSB: automatic crash report generation.
[[0;32m  OK  [0m] Started ACPI event daemon.
[[0;32m  OK  [0m] Started ACPI event daemon.
[[0;32m  OK  [0m] Started ACPI event daemon.
[[0;32m  OK  [0m] Started ACPI event daemon.
[[0;32m  OK  [0m] Started ACPI event daemon.
[[0;32m  OK  [0m] Stopped target Sockets.
         Stopping Sockets.
[[0;32m  OK  [0m] Reached target Sockets.
[[0;32m  OK  [0m] Started ACPI event daemon.
[[0;32m  OK  [0m] Started ACPI event daemon.
[[0;32m  OK  [0m] Started ACPI event daemon.
[[0;32m  OK  [0m] Started ACPI event daemon.
         Stopping udev Kernel Device Manager...
[[0;32m  OK  [0m] Stopped udev Kernel Device Manager.
         Starting udev Kernel Device Manager...
[[0;32m  OK  [0m] Started udev Kernel Device Manager.
[[0;32m  OK  [0m] Started ACPI event daemon.
[[0;32m  OK  [0m] Stopped Daily apt upgrade and clean activities.
[[0;32m  OK  [0m] Stopped Daily apt download activities.
[[0;32m  OK  [0m] Started ACPI event daemon.
[[0;32m  OK  [0m] Started ACPI event daemon.
[[0;32m  OK  [0m] Started Daily apt upgrade and clean activities.
[[0;32m  OK  [0m] Started Daily apt download activities.
[[0;32m  OK  [0m] Started ACPI event daemon.
[[0;32m  OK  [0m] Started ACPI event daemon.
[[0;32m  OK  [0m] Started ACPI event daemon.
[  OK  ] Started ACPI event daemon.
[  OK  ] Started Trigger resolvconf update for networkd DNS.
[  OK  ] Started Daily apt upgrade and clean activities.
