[    0.000000] Initializing cgroup subsys cpuset
[    0.000000] Initializing cgroup subsys cpu
[    0.000000] Initializing cgroup subsys cpuacct
[    0.000000] Linux version 4.4.0-170-generic (buildd@lcy01-amd64-019) (gcc version 5.4.0 20160609 (Ubuntu 5.4.0-6ubuntu1~16.04.12) ) #199-Ubuntu SMP Thu Nov 14 01:45:04 UTC 2019 (Ubuntu 4.4.0-170.199-generic 4.4.200)
[    0.000000] Command line: BOOT_IMAGE=/boot/vmlinuz-4.4.0-170-generic root=LABEL=cloudimg-rootfs ro console=tty1 console=ttyS0
[    0.000000] KERNEL supported cpus:
[    0.00000]   Intel GenuineIntel
[    0.000000]   AMD AuthenticAMD
[    0.000000]   Centaur CentaurHauls
[    0.000000] x86/fpu: xstate_offset[2]:  576, xstate_sizes[2]:  256
[    0.000000] x86/fpu: Supporting XSAVE feature 0x01: 'x87 floating point registers'
[    0.000000] x86/fpu: Supporting XSAVE feature 0x02: 'SSE registers'
[    0.000000] x86/fpu: Supporting XSAVE feature 0x04: 'AVX registers'
[    0.000000] x86/fpu: Enabled xstate features 0x7, context size is 832 bytes, using 'standard' format.
[    0.000000] e820: BIOS-provided physical RAM map:
[    0.000000] BIOS-e820: [mem 0x0000000000000000-0x000000000009fbff] usable
[    0.000000] BIOS-e820: [mem 0x000000000009fc00-0x000000000009ffff] reserved
[    0.000000] BIOS-e820: [mem 0x00000000000f0000-0x00000000000fffff] reserved
[    0.000000] BIOS-e820: [mem 0x0000000000100000-0x000000007ffeffff] usable
[    0.000000] BIOS-e820: [mem 0x000000007fff0000-0x000000007fffffff] ACPI data
[    0.000000] BIOS-e820: [mem 0x00000000fec00000-0x00000000fec00fff] reserved
[    0.000000] BIOS-e820: [mem 0x00000000fee00000-0x00000000fee00fff] reserved
[    0.000000] BIOS-e820: [mem 0x00000000fffc0000-0x00000000ffffffff] reserved
[    0.000000] NX (Execute Disable) protection: active
[    0.000000] SMBIOS 2.5 present.
[    0.000000] Hypervisor detected: KVM
[    0.000000] Kernel/User page tables isolation: disabled
[    0.000000] e820: last_pfn = 0x7fff0 max_arch_pfn = 0x400000000
[    0.000000] MTRR: Disabled
[    0.000000] x86/PAT: MTRRs disabled, skipping PAT initialization too.
[    0.000000] CPU MTRRs all blank - virtualized system.
[    0.000000] x86/PAT: Configuration [0-7]: WB  WT  UC- UC  WB  WT  UC- UC  
[    0.000000] found SMP MP-table at [mem 0x0009fff0-0x0009ffff] mapped at [ffff88000009fff0]
[    0.000000] Scanning 1 areas for low memory corruption
[    0.000000] RAMDISK: [mem 0x362f8000-0x37173fff]
[    0.000000] ACPI: Early table checksum verification disabled
[    0.000000] ACPI: RSDP 0x00000000000E0000 000024 (v02 VBOX  )
[    0.000000] ACPI: XSDT 0x000000007FFF0030 00003C (v01 VBOX   VBOXXSDT 00000001 ASL  00000061)
[    0.000000] ACPI: FACP 0x000000007FFF00F0 0000F4 (v04 VBOX   VBOXFACP 00000001 ASL  00000061)
[    0.000000] ACPI: DSDT 0x000000007FFF0470 0022EA (v02 VBOX   VBOXBIOS 00000002 INTL 20100528)
[    0.000000] ACPI: FACS 0x000000007FFF0200 000040
[    0.000000] ACPI: FACS 0x000000007FFF0200 000040
[    0.000000] ACPI: APIC 0x000000007FFF0240 000054 (v02 VBOX   VBOXAPIC 00000001 ASL  00000061)
[    0.000000] ACPI: SSDT 0x000000007FFF02A0 0001CC (v01 VBOX   VBOXCPUT 00000002 INTL 20100528)
[    0.000000] No NUMA configuration found
[    0.000000] Faking a node at [mem 0x0000000000000000-0x000000007ffeffff]
[    0.000000] NODE_DATA(0) allocated [mem 0x7ffeb000-0x7ffeffff]
[    0.000000] kvm-clock: Using msrs 4b564d01 and 4b564d00
[    0.000000] kvm-clock: cpu 0, msr 0:7ffe3001, primary cpu clock
[    0.000000] kvm-clock: using sched offset of 4665379356 cycles
[    0.000000] clocksource: kvm-clock: mask: 0xffffffffffffffff max_cycles: 0x1cd42e4dffb, max_idle_ns: 881590591483 ns
[    0.000000] Zone ranges:
[    0.000000]   DMA      [mem 0x0000000000001000-0x0000000000ffffff]
[    0.000000]   DMA32    [mem 0x0000000001000000-0x000000007ffeffff]
[    0.000000]   Normal   empty
[    0.000000]   Device   empty
[    0.000000] Movable zone start for each node
[    0.000000] Early memory node ranges
[    0.000000]   node   0: [mem 0x0000000000001000-0x000000000009efff]
[    0.000000]   node   0: [mem 0x0000000000100000-0x000000007ffeffff]
[    0.000000] Initmem setup node 0 [mem 0x0000000000001000-0x000000007ffeffff]
[    0.000000] ACPI: PM-Timer IO Port: 0x4008
[    0.000000] IOAPIC[0]: apic_id 1, version 32, address 0xfec00000, GSI 0-23
[    0.000000] ACPI: INT_SRC_OVR (bus 0 bus_irq 0 global_irq 2 dfl dfl)
[    0.000000] ACPI: INT_SRC_OVR (bus 0 bus_irq 9 global_irq 9 low level)
[    0.000000] Using ACPI (MADT) for SMP configuration information
[    0.000000] smpboot: Allowing 1 CPUs, 0 hotplug CPUs
[    0.000000] PM: Registered nosave memory: [mem 0x00000000-0x00000fff]
[    0.000000] PM: Registered nosave memory: [mem 0x0009f000-0x0009ffff]
[    0.000000] PM: Registered nosave memory: [mem 0x000a0000-0x000effff]
[    0.000000] PM: Registered nosave memory: [mem 0x000f0000-0x000fffff]
[    0.000000] e820: [mem 0x80000000-0xfebfffff] available for PCI devices
[    0.000000] Booting paravirtualized kernel on KVM
[    0.000000] clocksource: refined-jiffies: mask: 0xffffffff max_cycles: 0xffffffff, max_idle_ns: 7645519600211568 ns
[    0.000000] setup_percpu: NR_CPUS:512 nr_cpumask_bits:512 nr_cpu_ids:1 nr_node_ids:1
[    0.000000] PERCPU: Embedded 33 pages/cpu @ffff88007fc00000 s95448 r8192 d31528 u2097152
[    0.000000] Built 1 zonelists in Node order, mobility grouping on.  Total pages: 515960
[    0.000000] Policy zone: DMA32
[    0.000000] Kernel command line: BOOT_IMAGE=/boot/vmlinuz-4.4.0-170-generic root=LABEL=cloudimg-rootfs ro console=tty1 console=ttyS0
[    0.000000] PID hash table entries: 4096 (order: 3, 32768 bytes)
[    0.000000] Memory: 2030048K/2096696K available (8626K kernel code, 1336K rwdata, 4036K rodata, 1488K init, 1288K bss, 66648K reserved, 0K cma-reserved)
[    0.000000] SLUB: HWalign=64, Order=0-3, MinObjects=0, CPUs=1, Nodes=1
[    0.000000] Hierarchical RCU implementation.
[    0.000000] 	Build-time adjustment of leaf fanout to 64.
[    0.000000] 	RCU restricting CPUs from NR_CPUS=512 to nr_cpu_ids=1.
[    0.000000] RCU: Adjusting geometry for rcu_fanout_leaf=64, nr_cpu_ids=1
[    0.000000] NR_IRQS:33024 nr_irqs:256 16
[    0.000000] Console: colour VGA+ 80x25
[    0.000000] console [tty1] enabled
[    0.000000] console [ttyS0] enabled
[    0.000000] tsc: Detected 1800.000 MHz processor
[    0.406250] Calibrating delay loop (skipped) preset value.. 3600.00 BogoMIPS (lpj=7200000)
[    0.410124] pid_max: default: 32768 minimum: 301
[    0.411817] ACPI: Core revision 20150930
[    0.414894] ACPI: 2 ACPI AML tables successfully acquired and loaded
[    0.417712] Security Framework initialized
[    0.419686] Yama: becoming mindful.
[    0.421430] AppArmor: AppArmor initialized
[    0.429872] Dentry cache hash table entries: 262144 (ordr: 9, 2097152 bytes)
[    0.484852] Inode-cache hash table entries: 131072 (order: 8, 1048576 bytes)
[    0.488174] Mount-cache hash table entries: 4096 (order: 3, 32768 bytes)
[    0.490780] Mountpoint-cache hash table entries: 4096 (order: 3, 32768 bytes)
[    0.493962] Initializing cgroup subsys io
[    0.495817] Initializing cgroup subsys memory
[    0.497819] Initializing cgroup subsys devices
[    0.499742] Initializing cgroup subsys freezer
[    0.501831] Initializing cgroup subsys net_cls
[    0.504091] Initializing cgroup subsys perf_event
[    0.506161] Initializing cgroup subsys net_prio
[    0.507987] Initializing cgroup subsys hugetlb
[    0.510068] Initializing cgroup subsys pids
[    0.514641] mce: CPU supports 0 MCE banks
[    0.516479] process: using mwait in idle threads
[    0.518459] Last level iTLB entries: 4KB 64, 2MB 8, 4MB 8
[    0.521256] Last level dTLB entries: 4KB 64, 2MB 0, 4MB 0, 1GB 4
[    0.523883] Spectre V1 : Mitigation: usercopy/swapgs barriers and __user pointer sanitization
[    0.527403] Spectre V2 : Mitigation: Enhanced IBRS
[    0.529463] Spectre V2 : Spectre v2 / SpectreRSB mitigation: Filling RSB on context switch
[    0.533131] Speculative Store Bypass: Vulnerable
[    0.590897] Freeing SMP alternatives memory: 36K
[    0.606814] ftrace: allocating 32302 entries in 127 pages
[    0.719683] smpboot: APIC(0) Converting physical 0 to logical package 0
[    0.722454] smpboot: Max logical packages: 1
[    0.724759] x2apic enabled
[    0.726897] Switched APIC routing to physical x2apic.
[    0.731299] ..TIMER: vector=0x30 apic1=0 pin1=2 apic2=-1 pin2=-1
[    0.841826] smpboot: CPU0: Intel(R) Core(TM) i5-8265U CPU @ 1.60GHz (family: 0x6, model: 0x8e, stepping: 0xc)
[    0.846144] Performance Events: unsupported p6 CPU model 142 no PMU driver, software events only.
[    0.872717] KVM setup paravirtual spinlock
[    0.875883] x86: Booted up 1 node, 1 CPUs
[    0.877341] smpboot: Total of 1 processors activated (3600.00 BogoMIPS)
[    0.880363] devtmpfs: initialized
[    0.886341] evm: security.selinux
[    0.887970] evm: security.SMACK64
[    0.889555] evm: security.SMACK64EXEC
[    0.891451] evm: security.SMACK64TRANSMUTE
[    0.893205] evm: security.SMACK64MMAP
[    0.894921] evm: security.ima
[    0.896344] evm: security.capability
[    0.898230] clocksource: jiffies: mask: 0xffffffff max_cycles: 0xffffffff, max_idle_ns: 7645041785100000 ns
[    0.902143] futex hash table entries: 256 (order: 2, 16384 bytes)
[    0.904742] pinctrl core: initialized pinctrl subsystem
[    0.907123] RTC time: 20:59:48, date: 01/17/20
[    0.909190] NET: Registered protocol family 16
[    0.911466] cpuidle: using governor ladder
[    0.913191] cpuidle: using governor menu
[    0.914915] PCCT header not found.
[    0.916614] ACPI: bus type PCI registered
[    0.918457] acpiphp: ACPI Hot Plug PCI Controller Driver version: 0.5
[    0.921068] PCI: Using configuration type 1 for base access
[    0.925484] ACPI: Added _OSI(Module Device)
[    0.927276] ACPI: Added _OSI(Processor Device)
[    0.929096] ACPI: Added _OSI(3.0 _SCP Extensions)
[    0.931251] ACPI: Added _OSI(Processor Aggregator Device)
[    0.934451] ACPI: Executed 1 blocks of module-level executable AML code
[    0.939957] ACPI: Interpreter enabled
[    0.941185] ACPI: (supports S0 S5)
[    0.942221] ACPI: Using IOAPIC for interrupt routing
[    0.943881] PCI: Using host bridge windows from ACPI; if necessary, use "pci=nocrs" and report a bug
[    0.951088] ACPI: PCI Root Bridge [PCI0] (domain 0000 [bus 00-ff])
[    0.952719] acpi PNP0A03:00: _OSC: OS supports [ASPM ClockPM Segments MSI]
[    0.954897] acpi PNP0A03:00: _OSC: not requesting OS control; OS requires [ExtendedConfig ASPM ClockPM MSI]
[    0.957647] acpi PNP0A03:00: fail to add MMCONFIG information, can't access extended PCI configuration space under this bridge.
[    0.961683] PCI host bridge to bus 0000:00
[    0.963045] pci_bus 0000:00: root bus resource [io  0x0000-0x0cf7 window]
[    0.964838] pci_bus 0000:00: root bus resource [io  0x0d00-0xffff window]
[    0.966715] pci_bus 0000:00: root bus resource [mem 0x000a0000-0x000bffff window]
[    0.969143] pci_bus 0000:00: root bus resource [mem 0x80000000-0xfdffffff window]
[    0.971848] pci_bus 0000:00: root bus resource [bus 00-ff]
[    0.976350] pci 0000:00:01.1: legacy IDE quirk: reg 0x10: [io  0x01f0-0x01f7]
[    0.978535] pci 0000:00:01.1: legacy IDE quirk: reg 0x14: [io  0x03f6]
[    0.980302] pci 0000:00:01.1: legacy IDE quirk: reg 0x18: [io  0x0170-0x0177]
[    0.982253] pci 0000:00:01.1: legacy IDE quirk: reg 0x1c: [io  0x0376]
[    1.013677] pci 0000:00:07.0: quirk: [io  0x4000-0x403f] claimed by PIIX4 ACPI
[    1.032214] pci 0000:00:07.0: quirk: [io  0x4100-0x410f] claimed by PIIX4 SMB
[    1.056160] ACPI: PCI Interrupt Link [LNKA] (IRQs 5 9 10 *11)
[    1.059843] ACPI: PCI Interrupt Link [LNKB] (IRQs 5 9 *10 11)
[    1.063255] ACPI: PCI Interrupt Link [LNKC] (IRQs 5 *9 10 11)
[    1.066704] ACPI: PCI Interrupt Link [LNKD] (IRQs 5 9 10 *11)
[    1.070376] ACPI: Enabled 2 GPEs in block 00 to 07
[    1.073194] vgaarb: setting as boot device: PCI:0000:00:02.0
[    1.075557] vgaarb: device added: PCI:0000:00:02.0,decodes=io+mem,owns=io+mem,locks=none
[    1.079038] vgaarb: loaded
[    1.080357] vgaarb: bridge control possible 0000:00:02.0
[    1.089099] SCSI subsystem initialized
[    1.090970] ACPI: bus type USB registered
[    1.092866] usbcore: registered new interface driver usbfs
[    1.095094] usbcore: registered new interface driver hub
[    1.097264] usbcore: registered new device driver usb
[    1.099658] PCI: Using ACPI for IRQ routing
[    1.102004] NetLabel: Initializing
[    1.103546] NetLabel:  domain hash size = 128
[    1.105309] NetLabel:  protocols = UNLABELED CIPSOv4
[    1.107410] NetLabel:  unlabeled traffic allowed by default
[    1.109681] amd_nb: Cannot enumerate AMD northbridges
[    1.111880] clocksource: Switched to clocksource kvm-clock
[    1.135193] AppArmor: AppArmor Filesystem Enabled
[    1.137316] pnp: PnP ACPI init
[    1.140295] pnp: PnP ACPI: found 3 devices
[    1.148689] clocksource: acpi_pm: mask: 0xffffff max_cycles: 0xffffff, max_idle_ns: 2085701024 ns
[    1.152222] NET: Registered protocol family 2
[    1.154387] TCP established hash table entries: 16384 (order: 5, 131072 bytes)
[    1.157765] TCP bind hash table entries: 16384 (order: 6, 262144 bytes)
[    1.160372] TCP: Hash tables configured (established 16384 bind 16384)
[    1.162922] UDP hash table entries: 1024 (order: 3, 32768 bytes)
[    1.165314] UDP-Lite hash table entries: 1024 (order: 3, 32768 bytes)
[    1.167860] NET: Registered protocol family 1
[    1.169732] pci 0000:00:00.0: Limiting direct PCI/PCI transfers
[    1.172037] pci 0000:00:01.0: Activating ISA DMA hang workarounds
[    1.174621] Unpacking initramfs...
[    1.785475] Freeing initrd memory: 14832K
[    1.786825] clocksource: tsc: mask: 0xffffffffffffffff max_cycles: 0x19f2297dd97, max_idle_ns: 440795236593 ns
[    1.789060] platform rtc_cmos: registered platform RTC device (no PNP device found)
[    1.791204] Scanning for low memory corruption every 60 seconds
[    1.793252] audit: initializing netlink subsys (disabled)
[    1.794637] audit: type=2000 audit(1579294794.907:1): initialized
[    1.796440] Initialise system trusted keyring
[    1.797584] HugeTLB registered 2 MB page size, pre-allocated 0 pages
[    1.800661] zbud: loaded
[    1.801596] VFS: Disk quotas dquot_6.6.0
[    1.802601] VFS: Dquot-cache hash table entries: 512 (order 0, 4096 bytes)
[    1.804231] squashfs: version 4.0 (2009/01/31) Phillip Lougher
[    1.806402] fuse init (API version 7.23)
[    1.807631] Key type big_key registered
[    1.808753] Allocating IMA MOK and blacklist keyrings.
[    1.810268] Key type asymmetric registered
[    1.811587] Asymmetric key parser 'x509' registered
[    1.813296] Block layer SCSI generic (bsg) driver version 0.4 loaded (major 249)
[    1.815231] io scheduler noop registered
[    1.816244] io scheduler deadline registered (default)
[    1.817406] io scheduler cfq registered
[    1.818444] pci_hotplug: PCI Hot Plug PCI Core version: 0.5
[    1.819976] pciehp: PCI Express Hot Plug Controller Driver version: 0.4
[    1.821602] ACPI: AC Adapter [AC] (off-line)
[    1.822642] input: Power Button as /devices/LNXSYSTM:00/LNXPWRBN:00/input/input0
[    1.824512] ACPI: Power Button [PWRF]
[    1.825712] input: Sleep Button as /devices/LNXSYSTM:00/LNXSLPBN:00/input/input1
[    1.827659] ACPI: Sleep Button [SLPF]
[    1.829327] ACPI: Battery Slot [BAT0] (battery present)
[    1.830600] GHES: HEST is not enabled!
[    1.831605] Serial: 8250/16550 driver, 32 ports, IRQ sharing enabled
[    1.853974] 00:02: ttyS0 at I/O 0x3f8 (irq = 4, base_baud = 115200) is a 16550A
[    1.857816] Linux agpgart interface v0.103
[    1.860012] loop: module loaded
[    1.861520] scsi host0: ata_piix
[    1.862387] scsi host1: ata_piix
[    1.863355] ata1: PATA max UDMA/33 cmd 0x1f0 ctl 0x3f6 bmdma 0xd000 irq 14
[    1.864933] ata2: PATA max UDMA/33 cmd 0x170 ctl 0x376 bmdma 0xd008 irq 15
[    1.866651] libphy: Fixed MDIO Bus: probed
[    1.867566] tun: Universal TUN/TAP device driver, 1.6
[    1.869154] tun: (C) 1999-2004 Max Krasnyansky <maxk@qualcomm.com>
[    1.871053] PPP generic driver version 2.4.2
[    1.872138] ehci_hcd: USB 2.0 'Enhanced' Host Controller (EHCI) Driver
[    1.873894] ehci-pci: EHCI PCI platform driver
[    1.874842] ehci-platform: EHCI generic platform driver
[    1.876026] ohci_hcd: USB 1.1 'Open' Host Controller (OHCI) Driver
[    1.877469] ohci-pci: OHCI PCI platform driver
[    1.878552] ohci-platform: OHCI generic platform driver
[    1.879727] uhci_hcd: USB Universal Host Controller Interface driver
[    1.881465] i8042: PNP: PS/2 Controller [PNP0303:PS2K,PNP0f03:PS2M] at 0x60,0x64 irq 1,12
[    1.884114] serio: i8042 KBD port at 0x60,0x64 irq 1
[    1.885226] serio: i8042 AUX port at 0x60,0x64 irq 12
[    1.886477] mousedev: PS/2 mouse device common for all mice
[    1.888094] input: AT Translated Set 2 keyboard as /devices/platform/i8042/serio0/input/input2
[    1.890391] rtc_cmos rtc_cmos: rtc core: registered rtc_cmos as rtc0
[    1.891843] rtc_cmos rtc_cmos: alarms up to one day, 114 bytes nvram
[    1.893231] i2c /dev entries driver
[    1.894189] device-mapper: uevent: version 1.0.3
[    1.895298] device-mapper: ioctl: 4.34.0-ioctl (2015-10-28) initialised: dm-devel@redhat.com
[    1.897423] ledtrig-cpu: registered to indicate activity on CPUs
[    1.898934] NET: Registered protocol family 10
[    1.900132] NET: Registered protocol family 17
[    1.901225] Key type dns_resolver registered
[    1.902456] registered taskstats version 1
[    1.903392] Loading compiled-in X.509 certificates
[    1.905271] Loaded X.509 cert 'Build time autogenerated kernel key: f0e56e97f406068ace47a9bf54316e9855aaaa43'
[    1.907615] zswap: loaded using pool lzo/zbud
[    1.910302] Key type trusted registered
[    1.914042] Key type encrypted registered
[    1.915060] AppArmor: AppArmor sha1 policy hashing enabled
[    1.916362] ima: No TPM chip found, activating TPM-bypass!
[    1.917647] ima: Allocated hash algorithm: sha1
[    1.918721] evm: HMAC attrs: 0x1
[    1.920030]   Magic number: 4:810:1003
[    1.921050] input input0: hash matches
[    1.921992] vc vcs: hash matches
[    1.922935] rtc_cmos rtc_cmos: setting system clock to 2020-01-17 20:59:49 UTC (1579294789)
[    1.925121] BIOS EDD facility v0.16 2004-Jun-25, 0 devices found
[    1.926336] EDD information not available.
[    2.026695] Freeing unused kernel memory: 1488K
[    2.027818] Write protecting the kernel read-only data: 14336k
[    2.029631] Freeing unused kernel memory: 1604K
[    2.030801] Freeing unused kernel memory: 60K
Loading, please wait...
starting version 229
[    2.044899] random: udevadm: uninitialized urandom read (16 bytes read, 5 bits of entropy available)
[    2.047015] random: udevadm: uninitialized urandom read (16 bytes read, 5 bits of entropy available)
[    2.049592] random: systemd-udevd: uninitialized urandom read (16 bytes read, 5 bits of entropy available)
[    2.051752] random: systemd-udevd: uninitialized urandom read (16 bytes read, 5 bits of entropy available)
[    2.053972] random: systemd-udevd: uninitialized urandom read (16 bytes read, 5 bits of entropy available)
[    2.056116] random: systemd-udevd: uninitialized urandom read (16 bytes read, 5 bits of entropy available)
[    2.065062] random: systemd-udevd: uninitialized urandom read (16 bytes read, 5 bits of entropy available)
[    2.067487] random: systemd-udevd: uninitialized urandom read (16 bytes read, 5 bits of entropy available)
[    2.071728] random: systemd-udevd: uninitialized urandom read (16 bytes read, 5 bits of entropy available)
[    2.076219] random: udevadm: uninitialized urandom read (16 bytes read, 5 bits of entropy available)
[    2.164194] e1000: Intel(R) PRO/1000 Network Driver - version 7.3.21-k8-NAPI
[    2.166424] e1000: Copyright (c) 1999-2006 Intel Corporation.
[    2.176947] Fusion MPT base driver 3.04.20
[    2.178505] Copyright (c) 1999-2008 LSI Corporation
[    2.226092] Fusion MPT SPI Host driver 3.04.20
[    2.293130] AVX2 version of gcm_enc/dec engaged.
[    2.294489] AES CTR mode by8 optimization enabled
[    2.402119] input: ImExPS/2 Generic Explorer Mouse as /devices/platform/i8042/serio1/input/input4
[    2.694063] e1000 0000:00:03.0 eth0: (PCI:33MHz:32-bit) 02:bf:1c:77:ff:98
[    2.697176] e1000 0000:00:03.0 eth0: Intel(R) PRO/1000 Network Connection
[    2.701587] mptbase: ioc0: Initiating bringup
[    2.764967] ioc0: LSI53C1030 A0: Capabilities={Initiator}
[    2.933318] scsi host2: ioc0: LSI53C1030 A0, FwRev=00000000h, Ports=1, MaxQ=256, IRQ=20
[    3.051573] scsi 2:0:0:0: Direct-Access     VBOX     HARDDISK         1.0  PQ: 0 ANSI: 5
[    3.056833] scsi target2:0:0: Beginning Domain Validation
[    3.064700] scsi target2:0:0: Domain Validation skipping write tests
[    3.068305] scsi target2:0:0: Ending Domain Validation
[    3.071880] scsi target2:0:0: asynchronous
[    3.082559] scsi 2:0:1:0: Direct-Access     VBOX     HARDDISK         1.0  PQ: 0 ANSI: 5
[    3.093904] scsi target2:0:1: Beginning Domain Validation
[    3.164144] scsi target2:0:1: Domain Validation skipping write tests
[    3.165736] scsi target2:0:1: Ending Domain Validation
[    3.167405] scsi target2:0:1: asynchronous
[    3.349237] sd 2:0:0:0: Attached scsi generic sg0 type 0
[    3.351640] sd 2:0:0:0: [sda] 20971520 512-byte logical blocks: (10.7 GB/10.0 GiB)
[    3.355238] sd 2:0:1:0: [sdb] 20480 512-byte logical blocks: (10.5 MB/10.0 MiB)
[    3.358419] sd 2:0:1:0: Attached scsi generic sg1 type 0
[    3.361147] sd 2:0:0:0: [sda] Write Protect is off
[    3.363136] sd 2:0:1:0: [sdb] Write Protect is off
[    3.365330] sd 2:0:0:0: [sda] Incomplete mode parameter data
[    3.367464] sd 2:0:0:0: [sda] Assuming drive cache: write through
[    3.370050] sd 2:0:1:0: [sdb] Incomplete mode parameter data
[    3.372319] sd 2:0:1:0: [sdb] Assuming drive cache: write through
[    3.393331]  sda: sda1
[    3.396103] sd 2:0:0:0: [sda] Attached SCSI disk
[    3.414712] sd 2:0:1:0: [sdb] Attached SCSI disk
[    3.576575] e1000 0000:00:08.0 eth1: (PCI:33MHz:32-bit) 08:00:27:7b:65:ec
[    3.579292] e1000 0000:00:08.0 eth1: Intel(R) PRO/1000 Network Connection
[    3.583644] e1000 0000:00:08.0 enp0s8: renamed from eth1
[    3.589637] e1000 0000:00:03.0 enp0s3: renamed from eth0
Begin: Loading essential drivers ... [    5.197822] md: linear personality registered for level -1
[    5.204659] md: multipath personality registered for level -4
[    5.211244] md: raid0 personality registered for level 0
[    5.219675] md: raid1 personality registered for level 1
[    5.295957] raid6: sse2x1   gen()  4181 MB/s
[    5.364265] raid6: sse2x1   xor()  3729 MB/s
[    5.432142] raid6: sse2x2   gen()  8200 MB/s
[    5.499940] raid6: sse2x2   xor()  3885 MB/s
[    5.568259] raid6: sse2x4   gen()  6396 MB/s
[    5.636105] raid6: sse2x4   xor()  4094 MB/s
[    5.703925] raid6: avx2x1   gen()  8325 MB/s
[    5.772252] raid6: avx2x2   gen() 10780 MB/s
[    5.840567] raid6: avx2x4   gen() 11956 MB/s
[    5.842402] raid6: using algorithm avx2x4 gen() 11956 MB/s
[    5.844558] raid6: using avx2x2 recovery algorithm
[    5.849760] xor: automatically using best checksumming function:
[    5.888383]    avx       : 10667.000 MB/sec
[    5.893062] async_tx: api initialized (async)
[    5.916407] md: raid6 personality registered for level 6
[    5.918558] md: raid5 personality registered for level 5
[    5.920638] md: raid4 personality registered for level 4
[    5.933411] md: raid10 personality registered for level 10
done.
Begin: Running /scripts/init-premount ... done.
Begin: Mounting root file system ... Begin: Running /scripts/local-top ... done.
Begin: Running /scripts/local-premount ... [    5.994414] Btrfs loaded
Scanning for Btrfs filesystems
done.
Warning: fsck not present, so skipping root file system
[    6.117724] EXT4-fs (sda1): mounted filesystem with ordered data mode. Opts: (null)
done.
Begin: Running /scripts/local-bottom ... done.
Begin: Running /scripts/init-bottom ... done.
[    6.259573] systemd[1]: systemd 229 running in system mode. (+PAM +AUDIT +SELINUX +IMA +APPARMOR +SMACK +SYSVINIT +UTMP +LIBCRYPTSETUP +GCRYPT +GNUTLS +ACL +XZ -LZ4 +SECCOMP +BLKID +ELFUTILS +KMOD -IDN)
[    6.266742] systemd[1]: Detected virtualization oracle.
[    6.269003] systemd[1]: Detected architecture x86-64.

Welcome to [1mUbuntu 16.04.6 LTS[0m!

[    6.275625] systemd[1]: Set hostname to <ubuntu-xenial>.
[    6.466440] systemd[1]: Listening on Journal Socket.
[[0;32m  OK  [0m] Listening on Journal Socket.
[    6.469369] systemd[1]: Listening on udev Kernel Socket.
[[0;32m  OK  [0m] Listening on udev Kernel Socket.
[    6.472361] systemd[1]: Set up automount Arbitrary Executable File Formats File System Automount Point.
[[0;32m  OK  [0m] Set up automount Arbitrary Executab...ats File System Automount Point.
[    6.476772] systemd[1]: Reached target User and Group Name Lookups.
[[0;32m  OK  [0m] Reached target User and Group Name Lookups.
[    6.480081] systemd[1]: Created slice System Slice.
[[0;32m  OK  [0m] Created slice System Slice.
[    6.484500] systemd[1]: Starting Set console keymap...
         Starting Set console keymap...
[    6.490571] systemd[1]: Starting Load Kernel Modules...
         Starting Load Kernel Modules...
[    6.504253] systemd[1]: Starting Nameserver information manager...
         Starting Nameserver information manager...
[    6.509682] systemd[1]: Starting Create list of required static device nodes for the current kernel...
         Starting Create list of required st... nodes for the current kernel...
[    6.521124] systemd[1]: Listening on Syslog Socket.
[[0;32m  OK  [0m] Listening on Syslog Socket.
[    6.529564] systemd[1]: Listening on LVM2 metadata daemon socket.
[[0;32m  OK  [0m] Listening on LVM2 metadata daemon socket.
[    6.533239] systemd[1]: Starting Uncomplicated firewall...
         Starting Uncomplicated firewall...
[    6.538926] Loading iSCSI transport class v2.0-870.
[    6.542045] systemd[1]: Listening on LVM2 poll daemon socket.
[[0;32m  OK  [0m] Listening on LVM2 poll daemon socket.
[    6.548174] systemd[1]: Mounting Debug File System...
         Mounting Debug File System...
[    6.554793] systemd[1]: Reached target System Time Synchronized.
[[0;32m  OK  [0m] Reached target System Time Synchronized.
[    6.564453] systemd[1]: Created slice system-serial\x2dgetty.slice.
[[0;32m  OK  [0m] Created slice system-serial\x2dgetty.slice.
[    6.575475] systemd[1]: Mounting Huge Pages File System...
         Mounting Huge Pages File System...
[    6.584035] systemd[1]: Listening on udev Control Socket.
[[0;32m  OK  [0m] Listening on udev Control Socket.
[    6.592700] systemd[1]: Created slice User and Session Slice.
[[0;32m  OK  [0m] Created slice User and Session Slice.
[    6.599182] iscsi: registered transport (tcp)
[    6.602249] systemd[1]: Reached target Slices.
[[0;32m  OK  [0m] Reached target Slices.
[    6.608730] systemd[1]: Started Forward Password Requests to Wall Directory Watch.
[[0;32m  OK  [0m] Started Forward Password Requests to Wall Directory Watch.
[    6.614707] systemd[1]: Starting Remount Root and Kernel File Systems...
         Starting Remount Root and Kernel File Systems...
[    6.628506] systemd[1]: Listening on /dev/initctl Compatibility Named Pipe.
[[0;32m  OK  [0m] Listening on /dev/initctl Compatibility Named Pipe.
[    6.634062] systemd[1]: Listening on Journal Audit Socket.
[[0;32m  OK  [0m] Listening on Journal Audit Socket.
[    6.642475] systemd[1]: Mounting POSIX Message Queue File System...
[    6.645208] EXT4-fs (sda1): re-mounted. Opts: (null)
         Mounting POSIX Message Queue File System...
[    6.650257] systemd[1]: Reached target Swap.
[[0;32m  OK  [0m] Reached target Swap.
[    6.664271] systemd[1]: Started Trigger resolvconf update for networkd DNS.
[[0;32m  OK  [0m] Started Trigger resolvconf update for networkd DNS.
[    6.669474] systemd[1]: Listening on Device-mapper event daemon FIFOs.
[[0;32m  OK  [0m] Listening on Device-mapper event daemon FIFOs.
[    6.684203] systemd[1]: Reached target Encrypted Volumes.
[[0;32m  OK  [0m] Reached target Encrypted Volumes.
[    6.687662] systemd[1]: Listening on Journal Socket (/dev/log).
[[0;32m  OK  [0m] Listening on Journal Socket (/dev/log).
[    6.694678] systemd[1]: Starting Journal Service...
         Starting Journal Service...
[    6.705299] systemd[1]: Starting Monitoring of LVM2 mirrors, snapshots etc. using dmeventd or progress polling...
[    6.711304] random: nonblocking pool is initialized
         Starting Monitoring of LVM2 mirrors... dmeventd or progress polling...
[    6.718691] systemd[1]: Mounted Huge Pages File System.
[[0;32m  OK  [0m] Mounted Huge Pages File System.
[    6.725550] systemd[1]: Mounted POSIX Message Queue File System.
[[0;32m  OK  [0m] Mounted POSIX Message Queue File System.
[    6.740387] systemd[1]: Mounted Debug File System.
[[0;32m  OK  [0m] Mounted Debug File System.
[    6.752238] systemd[1]: Started Create list of required static device nodes for the current kernel.
[[0;32m  OK  [0m] Started Create list of required sta...ce nodes for the current kernel.
[    6.760803] systemd[1]: Started Uncomplicated firewall.
[[0;32m  OK  [0m] Started Uncomplicated firewall.
[    6.767731] systemd[1]: Started Remount Root and Kernel File Systems.
[[0;32m  OK  [0m] Started Remount Root and Kernel File Systems.
[    6.778158] systemd[1]: Started Nameserver information manager.
[[0;32m  OK  [0m] Started Nameserver information manager.
[    6.793958] systemd[1]: Started LVM2 metadata daemon.
[[0;32m  OK  [0m] Started LVM2 metadata daemon.
[    6.807697] systemd[1]: Starting udev Coldplug all Devices...
         Starting udev Coldplug all Devices...
[    6.817017] systemd[1]: Starting Load/Save Random Seed...
         Starting Load/Save Random Seed...
[    6.834378] systemd[1]: Starting Create Static Device Nodes in /dev...
         Starting Create Static Device Nodes in /dev...
[    6.844691] systemd[1]: Started Set console keymap.
[[0;32m  OK  [0m] Started Set console keymap.
[    6.856084] systemd[1]: Started Load/Save Random Seed.
[[0;32m  OK  [0m] Started Load/Save Random Seed.
[    6.873061] iscsi: registered transport (iser)
[    6.881767] systemd[1]: Started Load Kernel Modules.
[[0;32m  OK  [0m] Started Load Kernel Modules.
[    6.887790] systemd[1]: Starting Apply Kernel Variables...
         Starting Apply Kernel Variables...
[    6.900020] systemd[1]: Mounting FUSE Control File System...
         Mounting FUSE Control File System...
[    6.922571] systemd[1]: Mounted FUSE Control File System.
[[0;32m  OK  [0m] Mounted FUSE Control File System.
[    6.929785] systemd[1]: Started Create Static Device Nodes in /dev.
[[0;32m  OK  [0m] Started Create Static Device Nodes in /dev.
[    6.938773] systemd[1]: Starting udev Kernel Device Manager...
         Starting udev Kernel Device Manager...
[[0;32m  OK  [0m] Started Apply Kernel Variables.
[[0;32m  OK  [0m] Started Monitoring of LVM2 mirrors,...ng dmeventd or progress polling.
[[0;32m  OK  [0m] Reached target Local File Systems (Pre).
[[0;32m  OK  [0m] Reached target Local File Systems.
         Starting Initial cloud-init job (pre-networking)...
         Starting Tell Plymouth To Write Out Runtime Data...
         Starting Set console font and keymap...
         Starting LSB: AppArmor initialization...
[[0;32m  OK  [0m] Started Tell Plymouth To Write Out Runtime Data.
[[0;32m  OK  [0m] Started Journal Service.
         Starting Flush Journal to Persistent Storage...
[[0;32m  OK  [0m] Started Flush Journal to Persistent Storage.
         Starting Create Volatile Files and Directories...
[[0;32m  OK  [0m] Started udev Kernel Device Manager.
[[0;32m  OK  [0m] Started Create Volatile Files and Directories.
         Starting Update UTMP about System Boot/Shutdown...
[[0;32m  OK  [0m] Started Update UTMP about System Boot/Shutdown.
[[0;32m  OK  [0m] Started udev Coldplug all Devices.
[[0;32m  OK  [0m] Started Dispatch Password Requests to Console Directory Watch.
[[0;32m  OK  [0m] Started LSB: AppArmor initialization.
[[0;32m  OK  [0m] Found device /dev/ttyS0.
[[0;32m  OK  [0m] Listening on Load/Save RF Kill Switch Status /dev/rfkill Watch.
[[0;32m  OK  [0m] Found device 82540EM Gigabit Ethern...r (PRO/1000 MT Desktop Adapter).
[[0;32m  OK  [0m] Found device 82540EM Gigabit Ethern...r (PRO/1000 MT Desktop Adapter).
[[0;32m  OK  [0m] Started Set console font and keymap.
[[0;32m  OK  [0m] Created slice system-getty.slice.
[[0;32m  OK  [0m] Started Initial cloud-init job (pre-networking).
[[0;32m  OK  [0m] Reached target Network (Pre).
[    9.678189] cloud-init[455]: Cloud-init v. 19.3-41-gc4735dd3-0ubuntu1~16.04.1 running 'init-local' at Fri, 17 Jan 2020 20:59:57 +0000. Up 8.89 seconds.
[[0;32m  OK  [0m] Started ifup for enp0s8.
         Starting Raise network interfaces...
[[0;32m  OK  [0m] Started ifup for enp0s3.
[[0;32m  OK  [0m] Started Raise network interfaces.
[[0;32m  OK  [0m] Reached target Network.
         Starting Initial cloud-init job (metadata service crawler)...
[   11.534582] cloud-init[1082]: Cloud-init v. 19.3-41-gc4735dd3-0ubuntu1~16.04.1 running 'init' at Fri, 17 Jan 2020 20:59:59 +0000. Up 11.10 seconds.
[   11.537403] cloud-init[1082]: ci-info: ++++++++++++++++++++++++++++++++++++++Net device info+++++++++++++++++++++++++++++++++++++++
[   11.539267] cloud-init[1082]: ci-info: +--------+------+-----------------------------+---------------+--------+-------------------+
[   11.541147] cloud-init[1082]: ci-info: | Device |  Up  |           Address           |      Mask     | Scope  |     Hw-Address    |
[   11.544494] cloud-init[1082]: ci-info: +--------+------+-----------------------------+---------------+--------+-------------------+
[   11.546766] cloud-init[1082]: ci-info: | enp0s3 | True |          10.0.2.15          | 255.255.255.0 | global | 02:bf:1c:77:ff:98 |
[   11.552778] cloud-init[1082]: ci-info: | enp0s3 | True |  fe80::bf:1cff:fe77:ff98/64 |       .       |  link  | 02:bf:1c:77:ff:98 |
[   11.554929] cloud-init[1082]: ci-info: | enp0s8 | True |         10.11.12.13         | 255.255.255.0 | global | 08:00:27:7b:65:ec |
[   11.560701] cloud-init[1082]: ci-info: | enp0s8 | True | fe80::a00:27ff:fe7b:65ec/64 |       .       |  link  | 08:00:27:7b:65:ec |
[   11.568570] cloud-init[1082]: ci-info: |   lo   | True |          127.0.0.1          |   255.0.0.0   |  host  |         .         |
[   11.570550] cloud-init[1082]: ci-info: |   lo   | True |           ::1/128           |       .       |  host  |         .         |
[   11.572577] cloud-init[1082]: ci-info: +--------+------+-----------------------------+---------------+--------+-------------------+
[   11.576469] cloud-init[1082]: ci-info: +++++++++++++++++++++++++++Route IPv4 info++++++++++++++++++++++++++++
[   11.584588] cloud-init[1082]: ci-info: +-------+-------------+----------+---------------+-----------+-------+
[   11.592791] cloud-init[1082]: ci-info: | Route | Destination | Gateway  |    Genmask    | Interface | Flags |
[   11.600564] cloud-init[1082]: ci-info: +-------+-------------+----------+---------------+-----------+-------+
[   11.602601] cloud-init[1082]: ci-info: |   0   |   0.0.0.0   | 10.0.2.2 |    0.0.0.0    |   enp0s3  |   UG  |
[   11.608573] cloud-init[1082]: ci-info: |   1   |   10.0.2.0  | 0.0.0.0  | 255.255.255.0 |   enp0s3  |   U   |
[   11.610730] cloud-init[1082]: ci-info: |   2   |  10.11.12.0 | 0.0.0.0  | 255.255.255.0 |   enp0s8  |   U   |
[   11.616581] cloud-init[1082]: ci-info: +-------+-------------+----------+---------------+-----------+-------+
[   11.620289] cloud-init[1082]: ci-info: +++++++++++++++++++Route IPv6 info+++++++++++++++++++
[   11.624284] cloud-init[1082]: ci-info: +-------+-------------+---------+-----------+-------+
[   11.628732] cloud-init[1082]: ci-info: | Route | Destination | Gateway | Interface | Flags |
[   11.632703] cloud-init[1082]: ci-info: +-------+-------------+---------+-----------+-------+
[   11.636337] cloud-init[1082]: ci-info: |   0   |  fe80::/64  |    ::   |   enp0s8  |   U   |
[   11.640334] cloud-init[1082]: ci-info: |   1   |  fe80::/64  |    ::   |   enp0s3  |   U   |
[   11.644768] cloud-init[1082]: ci-info: |   4   |   ff00::/8  |    ::   |   enp0s8  |   U   |
[   11.652989] cloud-init[1082]: ci-info: |   5   |   ff00::/8  |    ::   |   enp0s3  |   U   |
[   11.654378] cloud-init[1082]: ci-info: +-------+-------------+---------+-----------+-------+
[[0;32m  OK  [0m] Started Initial cloud-init job (metadata service crawler).
[[0;32m  OK  [0m] Reached target Network is Online.
         Starting iSCSI initiator daemon (iscsid)...
[[0;32m  OK  [0m] Reached target System Initialization.
[[0;32m  OK  [0m] Started Daily apt download activities.
[[0;32m  OK  [0m] Listening on ACPID Listen Socket.
         Starting LXD - unix socket.
[[0;32m  OK  [0m] Started Daily apt upgrade and clean activities.
[[0;32m  OK  [0m] Started Message of the Day.
[[0;32m  OK  [0m] Started Daily Cleanup of Temporary Directories.
         Starting Socket activation for snappy daemon.
[[0;32m  OK  [0m] Listening on D-Bus System Message Bus Socket.
[[0;32m  OK  [0m] Listening on UUID daemon activation socket.
[[0;32m  OK  [0m] Reached target Timers.
[[0;32m  OK  [0m] Started ACPI Events Check.
[[0;32m  OK  [0m] Reached target Paths.
[[0;32m  OK  [0m] Reached target Cloud-config availability.
[[0;32m  OK  [0m] Listening on LXD - unix socket.
[[0;32m  OK  [0m] Listening on Socket activation for snappy daemon.
[[0;32m  OK  [0m] Reached target Sockets.
[[0;32m  OK  [0m] Reached target Basic System.
[[0;32m  OK  [0m] Started FUSE filesystem for LXC.
[[0;32m  OK  [0m] Started Deferred execution scheduler.
         Starting Login Service...
         Starting Accounts Service...
         Starting /etc/rc.local Compatibility...
[[0;32m  OK  [0m] Started D-Bus System Message Bus.
         Starting OpenBSD Secure Shell server...
         Starting Virtualbox guest utils...
[[0;32m  OK  [0m] Started Regular background program processing daemon.
[[0;32m  OK  [0m] Started ACPI event daemon.
         Starting LSB: MD monitoring daemon...
         Starting Message of the Day...
         Starting LSB: Record successful boot for GRUB...
         Starting Snappy daemon...
         Starting System Logging Service...
         Starting LXD - container startup/shutdown...
[[0;32m  OK  [0m] Started iSCSI initiator daemon (iscsid).
[[0;32m  OK  [0m] Started /etc/rc.local Compatibility.
         Starting Login to default iSCSI targets...
[[0;32m  OK  [0m] Started Login Service.
[[0;32m  OK  [0m] Started Unattended Upgrades Shutdown.
[[0;32m  OK  [0m] Started Login to default iSCSI targets.
[[0;32m  OK  [0m] Reached target Remote File Systems (Pre).
[[0;32m  OK  [0m] Reached target Remote File Systems.
         Starting LSB: Set the CPU Frequency Scaling governor to "ondemand"...
         Starting Permit User Sessions...
         Starting LSB: automatic crash report generation...
         Starting LSB: daemon to balance interrupts for SMP systems...
[[0;32m  OK  [0m] Started Permit User Sessions.
[[0;32m  OK  [0m] Started System Logging Service.
         Starting Terminate Plymouth Boot Screen...
         Starting Hold until boot process finishes up...
[[0;32m  OK  [0m] Started Hold until boot process finishes up.
[[0;32m  OK  [0m] Started Getty on tty1.
         Starting Set console scheme...
[[0;32m  OK  [0m] Started Serial Getty on ttyS0.
[[0;32m  OK  [0m] Reached target Login Prompts.
[[0;32m  OK  [0m] Started Set console scheme.
[[0;32m  OK  [0m] Started Terminate Plymouth Boot Screen.
         Starting Authenticate and Authorize Users to Run Privileged Tasks...
[[0;32m  OK  [0m] Started LSB: Record successful boot for GRUB.
[[0;32m  OK  [0m] Started LSB: Set the CPU Frequency Scaling governor to "ondemand".
[[0;32m  OK  [0m] Started LSB: daemon to balance interrupts for SMP systems.
[[0;32m  OK  [0m] Started Authenticate and Authorize Users to Run Privileged Tasks.
[[0;32m  OK  [0m] Started OpenBSD Secure Shell server.
[[0;32m  OK  [0m] Started LSB: MD monitoring daemon.
[[0;32m  OK  [0m] Started Accounts Service.
[[0;32m  OK  [0m] Started LSB: automatic crash report generation.
[[0;32m  OK  [0m] Started LXD - container startup/shutdown.
[[0;32m  OK  [0m] Started Virtualbox guest utils.
[[0;32m  OK  [0m] Created slice User Slice of vagrant.
         Starting User Manager for UID 1000...
[[0;32m  OK  [0m] Started Session 1 of user vagrant.
[[0;32m  OK  [0m] Started User Manager for UID 1000.
[[0;32m  OK  [0m] Started Snappy daemon.
         Starting Wait until snapd is fully seeded...
[[0;32m  OK  [0m] Started Wait until snapd is fully seeded.
[[0;32m  OK  [0m] Reached target Multi-User System.
[[0;32m  OK  [0m] Reached target Graphical Interface.
         Starting Update UTMP about System Runlevel Changes...
         Starting Apply the settings specified in cloud-config...
[[0;32m  OK  [0m] Started Update UTMP about System Runlevel Changes.
[   15.838551] cloud-init[1425]: Cloud-init v. 19.3-41-gc4735dd3-0ubuntu1~16.04.1 running 'modules:config' at Fri, 17 Jan 2020 21:00:03 +0000. Up 15.47 seconds.
[[0;32m  OK  [0m] Started Apply the settings specified in cloud-config.
         Starting Execute cloud user/final scripts...
[   17.741032] cloud-init[1508]: Cloud-init v. 19.3-41-gc4735dd3-0ubuntu1~16.04.1 running 'modules:final' at Fri, 17 Jan 2020 21:00:05 +0000. Up 17.40 seconds.
[   17.743208] cloud-init[1508]: Cloud-init v. 19.3-41-gc4735dd3-0ubuntu1~16.04.1 finished at Fri, 17 Jan 2020 21:00:05 +0000. Datasource DataSourceNoCloud [seed=/dev/sdb][dsmode=net].  Up 17.71 seconds

Ubuntu 16.04.6 LTS ubuntu-xenial ttyS0

ubuntu-xenial login: 